Archive member included because of file (symbol)

/usr/share/pok/libpok/libpok.a(arch.lo)
                              /usr/share/pok/libpok/drivers/rtl8029.o (pok_inb)
/usr/share/pok/libpok/libpok.a(middleware.lo)
                              activity.o (pok_port_virtual_create)
/usr/share/pok/libpok/libpok.a(arinc653.lo)
                              subprograms.o (PERIODIC_WAIT)
/usr/share/pok/libpok/libpok.a(libc.lo)
                              main.o (strcpy)
/usr/share/pok/libpok/libpok.a(core.lo)
                              /usr/share/pok/libpok/libpok.a(arinc653.lo) (pok_thread_resume)

Allocating common symbols
Common symbol       size              file

the_cpu2_system_part_comProcess_the_proc2_p_in_globalVariable
                    0x4               main.o
errno               0x4               /usr/share/pok/libpok/libpok.a(core.lo)
arinc_threads       0xc               main.o
arinc_process_attribute
                    0x78              /usr/share/pok/libpok/libpok.a(arinc653.lo)

Memory Configuration

Name             Origin             Length             Attributes
*default*        0x0000000000000000 0xffffffffffffffff

Linker script and memory map

                0x0000000000000000                . = 0x0
                0x0000000000000000                __partition_begin = .

.text           0x0000000000000000     0x2521
 *(.text)
 .text          0x0000000000000000      0x15e main.o
                0x0000000000000000                __aadl_send_output
                0x0000000000000005                main
 *fill*         0x000000000000015e        0x2 00
 .text          0x0000000000000160       0x6a activity.o
                0x000000000000017f                test_network_rtl8029_remote_communications_refined_model__the_cpu2_system_part_comProcess_system_part_comm_impl_Job
                0x0000000000000160                test_network_rtl8029_remote_communications_refined_model__the_cpu2_system_part_comProcess_the_cpu2_system_part_comm_impl_Job
 *fill*         0x00000000000001ca        0x6 00
 .text          0x00000000000001d0      0x118 subprograms.o
                0x000000000000023a                test_network_rtl8029_remote_communications_refined_model__the_cpu2_system_part_comProcess_system_part_comm_entrypoint_impl
                0x00000000000001d0                test_network_rtl8029_remote_communications_refined_model__the_cpu2_system_part_comProcess_the_cpu2_system_part_comm_entrypoint_impl
 .text          0x00000000000002e8        0x0 gtypes.o
 .text          0x00000000000002e8        0x0 deployment.o
 .text          0x00000000000002e8      0xb06 /usr/share/pok/libpok/drivers/rtl8029.o
                0x00000000000006fb                rtl8029_polling
                0x00000000000003ed                rtl8029_init
                0x0000000000000a25                rtl8029_write
                0x0000000000000d3d                rtl8029_read
 *fill*         0x0000000000000dee        0x2 00
 .text          0x0000000000000df0      0x188 /usr/share/pok/libpok/libpok.a(arch.lo)
                0x0000000000000f54                pok_do_syscall
                0x0000000000000e78                pok_inb
                0x0000000000000df0                pok_outb
                0x0000000000000f00                pci_register
 .text          0x0000000000000f78      0x238 /usr/share/pok/libpok/libpok.a(middleware.lo)
                0x0000000000000f78                pok_port_queueing_create
                0x0000000000001018                pok_port_queueing_send
                0x0000000000001068                pok_port_virtual_create
                0x0000000000000fc8                pok_port_queueing_receive
                0x000000000000115c                pok_port_virtual_get_global
                0x0000000000001108                pok_port_virtual_nb_destinations
                0x00000000000010b8                pok_port_virtual_destination
 .text          0x00000000000011b0      0xad6 /usr/share/pok/libpok/libpok.a(arinc653.lo)
                0x0000000000001290                RESUME
                0x00000000000016f4                PERIODIC_WAIT
                0x00000000000013bf                STOP_SELF
                0x0000000000001411                SET_PRIORITY
                0x000000000000148d                GET_PROCESS_ID
                0x00000000000015ed                GET_PROCESS_STATUS
                0x000000000000131c                SUSPEND
                0x00000000000018d2                CREATE_QUEUING_PORT
                0x0000000000001889                SEND_QUEUING_MESSAGE
                0x0000000000001980                SET_PARTITION_MODE
                0x000000000000182f                RECEIVE_QUEUING_MESSAGE
                0x0000000000001756                GET_QUEUING_PORT_STATUS
                0x0000000000001a8a                GET_PARTITION_STATUS
                0x0000000000001748                CLEAR_QUEUING_PORT
                0x00000000000016ab                GET_MY_ID
                0x00000000000011b0                STOP
                0x00000000000017d1                GET_QUEUING_PORT_ID
                0x000000000000171a                TIMED_WAIT
                0x0000000000001c30                process_name_exist
                0x0000000000001259                START
                0x00000000000011be                DELAYED_START
                0x00000000000014e1                CREATE_PROCESS
 *fill*         0x0000000000001c86        0xa 00
 .text          0x0000000000001c90      0x598 /usr/share/pok/libpok/libpok.a(libc.lo)
                0x00000000000021fc                strcpy
                0x0000000000002143                printf
                0x0000000000002170                memcpy
                0x0000000000001fc0                vprintf
                0x00000000000021a0                strcmp
 .text          0x0000000000002228      0x2f9 /usr/share/pok/libpok/libpok.a(core.lo)
                0x0000000000002298                pok_thread_attr_init
                0x00000000000024d0                pok_thread_resume
                0x00000000000022e4                pok_thread_period
                0x0000000000002248                pok_thread_create
                0x000000000000238c                pok_thread_status
                0x00000000000023dc                pok_thread_delayed_start
                0x000000000000242c                pok_thread_id
                0x0000000000002228                __pok_partition_start
                0x0000000000002338                pok_thread_sleep
                0x0000000000002480                pok_thread_set_priority

.rodata         0x0000000000002540       0x7d
 *(.rodata)
 .rodata        0x0000000000002540       0x7d /usr/share/pok/libpok/libpok.a(libc.lo)

.rodata.str1.4  0x00000000000025c0       0x60
 .rodata.str1.4
                0x00000000000025c0       0x2f main.o
 *fill*         0x00000000000025ef        0x1 00
 .rodata.str1.4
                0x00000000000025f0       0x30 /usr/share/pok/libpok/drivers/rtl8029.o
                                         0x2f (size before relaxing)

.rodata.str1.1  0x0000000000002620       0x8f
 .rodata.str1.1
                0x0000000000002620       0x1a main.o
                                         0x2b (size before relaxing)
 .rodata.str1.1
                0x000000000000263a       0x1c activity.o
 .rodata.str1.1
                0x0000000000002656       0x20 /usr/share/pok/libpok/drivers/rtl8029.o
 .rodata.str1.1
                0x0000000000002676       0x39 /usr/share/pok/libpok/libpok.a(arch.lo)

.eh_frame       0x00000000000026b0      0x7f8
 .eh_frame      0x00000000000026b0       0x64 main.o
 .eh_frame      0x0000000000002714       0x3c activity.o
                                         0x54 (size before relaxing)
 .eh_frame      0x0000000000002750       0x3c subprograms.o
                                         0x54 (size before relaxing)
 .eh_frame      0x000000000000278c       0xa0 /usr/share/pok/libpok/drivers/rtl8029.o
                                         0xb8 (size before relaxing)
 .eh_frame      0x000000000000282c       0x7c /usr/share/pok/libpok/libpok.a(arch.lo)
                                         0xc4 (size before relaxing)
 .eh_frame      0x00000000000028a8       0xc4 /usr/share/pok/libpok/libpok.a(middleware.lo)
                                        0x16c (size before relaxing)
 .eh_frame      0x000000000000296c      0x29c /usr/share/pok/libpok/libpok.a(arinc653.lo)
                                        0x314 (size before relaxing)
 .eh_frame      0x0000000000002c08      0x188 /usr/share/pok/libpok/libpok.a(libc.lo)
                                        0x1e8 (size before relaxing)
 .eh_frame      0x0000000000002d90      0x118 /usr/share/pok/libpok/libpok.a(core.lo)
                                        0x208 (size before relaxing)

.rel.dyn        0x0000000000002ea8        0x0
 .rel.text      0x0000000000000000        0x0 main.o

.data           0x0000000000002ec0      0x3bc
 *(.data)
 .data          0x0000000000002ec0        0x0 main.o
 .data          0x0000000000002ec0        0x0 activity.o
 .data          0x0000000000002ec0        0x0 subprograms.o
 .data          0x0000000000002ec0        0x0 gtypes.o
 .data          0x0000000000002ec0        0x0 deployment.o
 .data          0x0000000000002ec0        0x0 /usr/share/pok/libpok/drivers/rtl8029.o
 .data          0x0000000000002ec0        0x0 /usr/share/pok/libpok/libpok.a(arch.lo)
 .data          0x0000000000002ec0        0x0 /usr/share/pok/libpok/libpok.a(middleware.lo)
 .data          0x0000000000002ec0        0x0 /usr/share/pok/libpok/libpok.a(arinc653.lo)
 .data          0x0000000000002ec0        0x0 /usr/share/pok/libpok/libpok.a(libc.lo)
 .data          0x0000000000002ec0        0x0 /usr/share/pok/libpok/libpok.a(core.lo)
 *(.bss)
 .bss           0x0000000000002ec0        0x0 main.o
 .bss           0x0000000000002ec0        0x0 activity.o
 .bss           0x0000000000002ec0        0x8 subprograms.o
                0x0000000000002ec0                the_cpu2_system_part_comProcess_system_part_comm_entrypoint_impl_current_state
                0x0000000000002ec4                the_cpu2_system_part_comProcess_the_cpu2_system_part_comm_entrypoint_impl_current_state
 .bss           0x0000000000002ec8        0x0 gtypes.o
 .bss           0x0000000000002ec8        0x0 deployment.o
 *fill*         0x0000000000002ec8       0x18 00
 .bss           0x0000000000002ee0      0x26c /usr/share/pok/libpok/drivers/rtl8029.o
 .bss           0x000000000000314c        0x0 /usr/share/pok/libpok/libpok.a(arch.lo)
 .bss           0x000000000000314c        0x0 /usr/share/pok/libpok/libpok.a(middleware.lo)
 .bss           0x000000000000314c        0x0 /usr/share/pok/libpok/libpok.a(arinc653.lo)
 *fill*         0x000000000000314c       0x14 00
 .bss           0x0000000000003160       0x84 /usr/share/pok/libpok/libpok.a(libc.lo)
 .bss           0x00000000000031e4        0x0 /usr/share/pok/libpok/libpok.a(core.lo)
 *(COMMON)
 COMMON         0x00000000000031e4       0x10 main.o
                0x00000000000031e4                the_cpu2_system_part_comProcess_the_proc2_p_in_globalVariable
                0x00000000000031e8                arinc_threads
 *fill*         0x00000000000031f4        0xc 00
 COMMON         0x0000000000003200       0x78 /usr/share/pok/libpok/libpok.a(arinc653.lo)
                0x0000000000003200                arinc_process_attribute
 COMMON         0x0000000000003278        0x4 /usr/share/pok/libpok/libpok.a(core.lo)
                0x0000000000003278                errno
                0x000000000000327c                __partition_end = .
LOAD main.o
LOAD activity.o
LOAD subprograms.o
LOAD gtypes.o
LOAD deployment.o
LOAD /usr/share/pok/libpok/drivers/rtl8029.o
LOAD /usr/share/pok/libpok/libpok.a
OUTPUT(the_cpu2_system_part_comProcess.elf elf32-i386)

.debug_abbrev   0x0000000000000000     0x27a1
 .debug_abbrev  0x0000000000000000      0x102 main.o
 .debug_abbrev  0x0000000000000102       0xa9 activity.o
 .debug_abbrev  0x00000000000001ab       0xe5 subprograms.o
 .debug_abbrev  0x0000000000000290       0x33 gtypes.o
 .debug_abbrev  0x00000000000002c3       0x51 deployment.o
 .debug_abbrev  0x0000000000000314      0x24b /usr/share/pok/libpok/drivers/rtl8029.o
 .debug_abbrev  0x000000000000055f      0x28a /usr/share/pok/libpok/libpok.a(arch.lo)
 .debug_abbrev  0x00000000000007e9      0x8b3 /usr/share/pok/libpok/libpok.a(middleware.lo)
 .debug_abbrev  0x000000000000109c      0x574 /usr/share/pok/libpok/libpok.a(arinc653.lo)
 .debug_abbrev  0x0000000000001610      0x667 /usr/share/pok/libpok/libpok.a(libc.lo)
 .debug_abbrev  0x0000000000001c77      0xb2a /usr/share/pok/libpok/libpok.a(core.lo)

.debug_info     0x0000000000000000     0x8937
 .debug_info    0x0000000000000000      0x2e5 main.o
 .debug_info    0x00000000000002e5      0x117 activity.o
 .debug_info    0x00000000000003fc      0x26d subprograms.o
 .debug_info    0x0000000000000669       0x6f gtypes.o
 .debug_info    0x00000000000006d8       0x8c deployment.o
 .debug_info    0x0000000000000764      0x80b /usr/share/pok/libpok/drivers/rtl8029.o
 .debug_info    0x0000000000000f6f      0xa68 /usr/share/pok/libpok/libpok.a(arch.lo)
 .debug_info    0x00000000000019d7     0x1e4a /usr/share/pok/libpok/libpok.a(middleware.lo)
 .debug_info    0x0000000000003821     0x1b74 /usr/share/pok/libpok/libpok.a(arinc653.lo)
 .debug_info    0x0000000000005395      0xee4 /usr/share/pok/libpok/libpok.a(libc.lo)
 .debug_info    0x0000000000006279     0x26be /usr/share/pok/libpok/libpok.a(core.lo)

.debug_line     0x0000000000000000     0x2467
 .debug_line    0x0000000000000000       0xb8 main.o
 .debug_line    0x00000000000000b8      0x17a activity.o
 .debug_line    0x0000000000000232      0x1ac subprograms.o
 .debug_line    0x00000000000003de       0x1d gtypes.o
 .debug_line    0x00000000000003fb       0x5f deployment.o
 .debug_line    0x000000000000045a      0x1e4 /usr/share/pok/libpok/drivers/rtl8029.o
 .debug_line    0x000000000000063e      0x25e /usr/share/pok/libpok/libpok.a(arch.lo)
 .debug_line    0x000000000000089c      0x78d /usr/share/pok/libpok/libpok.a(middleware.lo)
 .debug_line    0x0000000000001029      0x669 /usr/share/pok/libpok/libpok.a(arinc653.lo)
 .debug_line    0x0000000000001692      0x3fe /usr/share/pok/libpok/libpok.a(libc.lo)
 .debug_line    0x0000000000001a90      0x9d7 /usr/share/pok/libpok/libpok.a(core.lo)

.debug_loc      0x0000000000000000     0x160d
 .debug_loc     0x0000000000000000       0x29 main.o
 .debug_loc     0x0000000000000029       0x28 activity.o
 .debug_loc     0x0000000000000051       0x47 subprograms.o
 .debug_loc     0x0000000000000098      0x387 /usr/share/pok/libpok/drivers/rtl8029.o
 .debug_loc     0x000000000000041f       0xfc /usr/share/pok/libpok/libpok.a(arch.lo)
 .debug_loc     0x000000000000051b      0x165 /usr/share/pok/libpok/libpok.a(middleware.lo)
 .debug_loc     0x0000000000000680      0x8d5 /usr/share/pok/libpok/libpok.a(arinc653.lo)
 .debug_loc     0x0000000000000f55      0x5d1 /usr/share/pok/libpok/libpok.a(libc.lo)
 .debug_loc     0x0000000000001526       0xe7 /usr/share/pok/libpok/libpok.a(core.lo)

.debug_pubnames
                0x0000000000000000      0xa43
 .debug_pubnames
                0x0000000000000000       0x86 main.o
 .debug_pubnames
                0x0000000000000086      0x10b activity.o
 .debug_pubnames
                0x0000000000000191      0x1c8 subprograms.o
 .debug_pubnames
                0x0000000000000359       0x54 deployment.o
 .debug_pubnames
                0x00000000000003ad       0x5a /usr/share/pok/libpok/drivers/rtl8029.o
 .debug_pubnames
                0x0000000000000407       0x73 /usr/share/pok/libpok/libpok.a(arch.lo)
 .debug_pubnames
                0x000000000000047a      0x156 /usr/share/pok/libpok/libpok.a(middleware.lo)
 .debug_pubnames
                0x00000000000005d0      0x238 /usr/share/pok/libpok/libpok.a(arinc653.lo)
 .debug_pubnames
                0x0000000000000808       0x80 /usr/share/pok/libpok/libpok.a(libc.lo)
 .debug_pubnames
                0x0000000000000888      0x1bb /usr/share/pok/libpok/libpok.a(core.lo)

.debug_aranges  0x0000000000000000      0x420
 .debug_aranges
                0x0000000000000000       0x20 main.o
 .debug_aranges
                0x0000000000000020       0x20 activity.o
 .debug_aranges
                0x0000000000000040       0x20 subprograms.o
 .debug_aranges
                0x0000000000000060       0x20 /usr/share/pok/libpok/drivers/rtl8029.o
 .debug_aranges
                0x0000000000000080       0x60 /usr/share/pok/libpok/libpok.a(arch.lo)
 .debug_aranges
                0x00000000000000e0       0xe0 /usr/share/pok/libpok/libpok.a(middleware.lo)
 .debug_aranges
                0x00000000000001c0       0xa0 /usr/share/pok/libpok/libpok.a(arinc653.lo)
 .debug_aranges
                0x0000000000000260       0x80 /usr/share/pok/libpok/libpok.a(libc.lo)
 .debug_aranges
                0x00000000000002e0      0x140 /usr/share/pok/libpok/libpok.a(core.lo)

.debug_str      0x0000000000000000     0x2b33
 .debug_str     0x0000000000000000      0x324 main.o
                                        0x39d (size before relaxing)
 .debug_str     0x0000000000000324      0x2eb activity.o
                                        0x45b (size before relaxing)
 .debug_str     0x000000000000060f      0xd18 subprograms.o
                                       0x1010 (size before relaxing)
 .debug_str     0x0000000000001327        0x9 gtypes.o
                                        0x12e (size before relaxing)
 .debug_str     0x0000000000001330        0xd deployment.o
                                        0x17d (size before relaxing)
 .debug_str     0x000000000000133d      0x40d /usr/share/pok/libpok/drivers/rtl8029.o
                                        0x4ea (size before relaxing)
 .debug_str     0x000000000000174a      0x49f /usr/share/pok/libpok/libpok.a(arch.lo)
                                       0x16f1 (size before relaxing)
 .debug_str     0x0000000000001be9      0x3d5 /usr/share/pok/libpok/libpok.a(middleware.lo)
                                       0x463d (size before relaxing)
 .debug_str     0x0000000000001fbe      0x651 /usr/share/pok/libpok/libpok.a(arinc653.lo)
                                       0x2b83 (size before relaxing)
 .debug_str     0x000000000000260f      0x246 /usr/share/pok/libpok/libpok.a(libc.lo)
                                        0xf7c (size before relaxing)
 .debug_str     0x0000000000002855      0x2de /usr/share/pok/libpok/libpok.a(core.lo)
                                       0x5613 (size before relaxing)

.comment        0x0000000000000000      0x69c
 .comment       0x0000000000000000       0x12 main.o
 .comment       0x0000000000000012       0x12 activity.o
 .comment       0x0000000000000024       0x12 subprograms.o
 .comment       0x0000000000000036       0x12 gtypes.o
 .comment       0x0000000000000048       0x12 deployment.o
 .comment       0x000000000000005a       0x12 /usr/share/pok/libpok/drivers/rtl8029.o
 .comment       0x000000000000006c       0x48 /usr/share/pok/libpok/libpok.a(arch.lo)
 .comment       0x00000000000000b4      0x1b0 /usr/share/pok/libpok/libpok.a(middleware.lo)
 .comment       0x0000000000000264       0xc6 /usr/share/pok/libpok/libpok.a(arinc653.lo)
 .comment       0x000000000000032a       0xfc /usr/share/pok/libpok/libpok.a(libc.lo)
 .comment       0x0000000000000426      0x276 /usr/share/pok/libpok/libpok.a(core.lo)

.note.GNU-stack
                0x0000000000000000        0x0
 .note.GNU-stack
                0x0000000000000000        0x0 main.o
 .note.GNU-stack
                0x0000000000000000        0x0 activity.o
 .note.GNU-stack
                0x0000000000000000        0x0 subprograms.o
 .note.GNU-stack
                0x0000000000000000        0x0 gtypes.o
 .note.GNU-stack
                0x0000000000000000        0x0 deployment.o
 .note.GNU-stack
                0x0000000000000000        0x0 /usr/share/pok/libpok/drivers/rtl8029.o
 .note.GNU-stack
                0x0000000000000000        0x0 /usr/share/pok/libpok/libpok.a(arch.lo)
 .note.GNU-stack
                0x0000000000000000        0x0 /usr/share/pok/libpok/libpok.a(middleware.lo)
 .note.GNU-stack
                0x0000000000000000        0x0 /usr/share/pok/libpok/libpok.a(arinc653.lo)
 .note.GNU-stack
                0x0000000000000000        0x0 /usr/share/pok/libpok/libpok.a(libc.lo)
 .note.GNU-stack
                0x0000000000000000        0x0 /usr/share/pok/libpok/libpok.a(core.lo)

.debug_ranges   0x0000000000000000       0x60
 .debug_ranges  0x0000000000000000       0x30 /usr/share/pok/libpok/drivers/rtl8029.o
 .debug_ranges  0x0000000000000030       0x30 /usr/share/pok/libpok/libpok.a(libc.lo)
