Archive member included because of file (symbol)

/usr/share/pok/libpok/libpok.a(arch.lo)
                              /usr/share/pok/libpok/drivers/rtl8029.o (pok_inb)
/usr/share/pok/libpok/libpok.a(middleware.lo)
                              activity.o (pok_port_virtual_create)
/usr/share/pok/libpok/libpok.a(arinc653.lo)
                              subprograms.o (PERIODIC_WAIT)
/usr/share/pok/libpok/libpok.a(libc.lo)
                              main.o (strcpy)
/usr/share/pok/libpok/libpok.a(core.lo)
                              /usr/share/pok/libpok/libpok.a(arinc653.lo) (pok_thread_resume)

Allocating common symbols
Common symbol       size              file

errno               0x4               /usr/share/pok/libpok/libpok.a(core.lo)
arinc_threads       0xc               main.o
arinc_process_attribute
                    0x78              /usr/share/pok/libpok/libpok.a(arinc653.lo)
the_cpu1_system_part_comProcess_the_proc1_p_outglobalVariable
                    0x4               main.o

Memory Configuration

Name             Origin             Length             Attributes
*default*        0x0000000000000000 0xffffffffffffffff

Linker script and memory map

                0x0000000000000000                . = 0x0
                0x0000000000000000                __partition_begin = .

.text           0x0000000000000000     0x2541
 *(.text)
 .text          0x0000000000000000      0x15e main.o
                0x0000000000000000                __aadl_send_output
                0x0000000000000005                main
 *fill*         0x000000000000015e        0x2 00
 .text          0x0000000000000160       0x74 activity.o
                0x0000000000000184                test_network_rtl8029_remote_communications_refined_model__the_cpu1_system_part_comProcess_system_part_comm_impl_Job
                0x0000000000000160                test_network_rtl8029_remote_communications_refined_model__the_cpu1_system_part_comProcess_the_cpu1_system_part_comm_impl_Job
 *fill*         0x00000000000001d4        0xc 00
 .text          0x00000000000001e0      0x127 subprograms.o
                0x00000000000001e0                test_network_rtl8029_remote_communications_refined_model__the_cpu1_system_part_comProcess_the_cpu1_system_part_comm_entrypoint_impl
                0x000000000000024a                test_network_rtl8029_remote_communications_refined_model__the_cpu1_system_part_comProcess_system_part_comm_entrypoint_impl
 *fill*         0x0000000000000307        0x1 00
 .text          0x0000000000000308        0x0 gtypes.o
 .text          0x0000000000000308        0x0 deployment.o
 .text          0x0000000000000308      0xb06 /usr/share/pok/libpok/drivers/rtl8029.o
                0x000000000000071b                rtl8029_polling
                0x000000000000040d                rtl8029_init
                0x0000000000000a45                rtl8029_write
                0x0000000000000d5d                rtl8029_read
 *fill*         0x0000000000000e0e        0x2 00
 .text          0x0000000000000e10      0x188 /usr/share/pok/libpok/libpok.a(arch.lo)
                0x0000000000000f74                pok_do_syscall
                0x0000000000000e98                pok_inb
                0x0000000000000e10                pok_outb
                0x0000000000000f20                pci_register
 .text          0x0000000000000f98      0x238 /usr/share/pok/libpok/libpok.a(middleware.lo)
                0x0000000000000f98                pok_port_queueing_create
                0x0000000000001038                pok_port_queueing_send
                0x0000000000001088                pok_port_virtual_create
                0x0000000000000fe8                pok_port_queueing_receive
                0x000000000000117c                pok_port_virtual_get_global
                0x0000000000001128                pok_port_virtual_nb_destinations
                0x00000000000010d8                pok_port_virtual_destination
 .text          0x00000000000011d0      0xad6 /usr/share/pok/libpok/libpok.a(arinc653.lo)
                0x00000000000012b0                RESUME
                0x0000000000001714                PERIODIC_WAIT
                0x00000000000013df                STOP_SELF
                0x0000000000001431                SET_PRIORITY
                0x00000000000014ad                GET_PROCESS_ID
                0x000000000000160d                GET_PROCESS_STATUS
                0x000000000000133c                SUSPEND
                0x00000000000018f2                CREATE_QUEUING_PORT
                0x00000000000018a9                SEND_QUEUING_MESSAGE
                0x00000000000019a0                SET_PARTITION_MODE
                0x000000000000184f                RECEIVE_QUEUING_MESSAGE
                0x0000000000001776                GET_QUEUING_PORT_STATUS
                0x0000000000001aaa                GET_PARTITION_STATUS
                0x0000000000001768                CLEAR_QUEUING_PORT
                0x00000000000016cb                GET_MY_ID
                0x00000000000011d0                STOP
                0x00000000000017f1                GET_QUEUING_PORT_ID
                0x000000000000173a                TIMED_WAIT
                0x0000000000001c50                process_name_exist
                0x0000000000001279                START
                0x00000000000011de                DELAYED_START
                0x0000000000001501                CREATE_PROCESS
 *fill*         0x0000000000001ca6        0xa 00
 .text          0x0000000000001cb0      0x598 /usr/share/pok/libpok/libpok.a(libc.lo)
                0x000000000000221c                strcpy
                0x0000000000002163                printf
                0x0000000000002190                memcpy
                0x0000000000001fe0                vprintf
                0x00000000000021c0                strcmp
 .text          0x0000000000002248      0x2f9 /usr/share/pok/libpok/libpok.a(core.lo)
                0x00000000000022b8                pok_thread_attr_init
                0x00000000000024f0                pok_thread_resume
                0x0000000000002304                pok_thread_period
                0x0000000000002268                pok_thread_create
                0x00000000000023ac                pok_thread_status
                0x00000000000023fc                pok_thread_delayed_start
                0x000000000000244c                pok_thread_id
                0x0000000000002248                __pok_partition_start
                0x0000000000002358                pok_thread_sleep
                0x00000000000024a0                pok_thread_set_priority

.rodata         0x0000000000002560       0x7d
 *(.rodata)
 .rodata        0x0000000000002560       0x7d /usr/share/pok/libpok/libpok.a(libc.lo)

.rodata.str1.4  0x00000000000025e0       0x60
 .rodata.str1.4
                0x00000000000025e0       0x30 main.o
 .rodata.str1.4
                0x0000000000002610       0x30 /usr/share/pok/libpok/drivers/rtl8029.o
                                         0x2f (size before relaxing)

.rodata.str1.1  0x0000000000002640       0x90
 .rodata.str1.1
                0x0000000000002640       0x1a main.o
                                         0x2b (size before relaxing)
 .rodata.str1.1
                0x000000000000265a       0x1d activity.o
 .rodata.str1.1
                0x0000000000002677       0x20 /usr/share/pok/libpok/drivers/rtl8029.o
 .rodata.str1.1
                0x0000000000002697       0x39 /usr/share/pok/libpok/libpok.a(arch.lo)

.eh_frame       0x00000000000026d0      0x7f4
 .eh_frame      0x00000000000026d0       0x64 main.o
 .eh_frame      0x0000000000002734       0x38 activity.o
                                         0x50 (size before relaxing)
 .eh_frame      0x000000000000276c       0x3c subprograms.o
                                         0x54 (size before relaxing)
 .eh_frame      0x00000000000027a8       0xa0 /usr/share/pok/libpok/drivers/rtl8029.o
                                         0xb8 (size before relaxing)
 .eh_frame      0x0000000000002848       0x7c /usr/share/pok/libpok/libpok.a(arch.lo)
                                         0xc4 (size before relaxing)
 .eh_frame      0x00000000000028c4       0xc4 /usr/share/pok/libpok/libpok.a(middleware.lo)
                                        0x16c (size before relaxing)
 .eh_frame      0x0000000000002988      0x29c /usr/share/pok/libpok/libpok.a(arinc653.lo)
                                        0x314 (size before relaxing)
 .eh_frame      0x0000000000002c24      0x188 /usr/share/pok/libpok/libpok.a(libc.lo)
                                        0x1e8 (size before relaxing)
 .eh_frame      0x0000000000002dac      0x118 /usr/share/pok/libpok/libpok.a(core.lo)
                                        0x208 (size before relaxing)

.rel.dyn        0x0000000000002ec4        0x0
 .rel.text      0x0000000000000000        0x0 main.o

.data           0x0000000000002ee0      0x3bc
 *(.data)
 .data          0x0000000000002ee0        0x0 main.o
 .data          0x0000000000002ee0        0x0 activity.o
 .data          0x0000000000002ee0        0x0 subprograms.o
 .data          0x0000000000002ee0        0x0 gtypes.o
 .data          0x0000000000002ee0        0x0 deployment.o
 .data          0x0000000000002ee0        0x0 /usr/share/pok/libpok/drivers/rtl8029.o
 .data          0x0000000000002ee0        0x0 /usr/share/pok/libpok/libpok.a(arch.lo)
 .data          0x0000000000002ee0        0x0 /usr/share/pok/libpok/libpok.a(middleware.lo)
 .data          0x0000000000002ee0        0x0 /usr/share/pok/libpok/libpok.a(arinc653.lo)
 .data          0x0000000000002ee0        0x0 /usr/share/pok/libpok/libpok.a(libc.lo)
 .data          0x0000000000002ee0        0x0 /usr/share/pok/libpok/libpok.a(core.lo)
 *(.bss)
 .bss           0x0000000000002ee0        0x0 main.o
 .bss           0x0000000000002ee0        0x0 activity.o
 .bss           0x0000000000002ee0        0x8 subprograms.o
                0x0000000000002ee4                the_cpu1_system_part_comProcess_the_cpu1_system_part_comm_entrypoint_impl_current_state
                0x0000000000002ee0                the_cpu1_system_part_comProcess_system_part_comm_entrypoint_impl_current_state
 .bss           0x0000000000002ee8        0x0 gtypes.o
 .bss           0x0000000000002ee8        0x0 deployment.o
 *fill*         0x0000000000002ee8       0x18 00
 .bss           0x0000000000002f00      0x26c /usr/share/pok/libpok/drivers/rtl8029.o
 .bss           0x000000000000316c        0x0 /usr/share/pok/libpok/libpok.a(arch.lo)
 .bss           0x000000000000316c        0x0 /usr/share/pok/libpok/libpok.a(middleware.lo)
 .bss           0x000000000000316c        0x0 /usr/share/pok/libpok/libpok.a(arinc653.lo)
 *fill*         0x000000000000316c       0x14 00
 .bss           0x0000000000003180       0x84 /usr/share/pok/libpok/libpok.a(libc.lo)
 .bss           0x0000000000003204        0x0 /usr/share/pok/libpok/libpok.a(core.lo)
 *(COMMON)
 COMMON         0x0000000000003204       0x10 main.o
                0x0000000000003204                arinc_threads
                0x0000000000003210                the_cpu1_system_part_comProcess_the_proc1_p_outglobalVariable
 *fill*         0x0000000000003214        0xc 00
 COMMON         0x0000000000003220       0x78 /usr/share/pok/libpok/libpok.a(arinc653.lo)
                0x0000000000003220                arinc_process_attribute
 COMMON         0x0000000000003298        0x4 /usr/share/pok/libpok/libpok.a(core.lo)
                0x0000000000003298                errno
                0x000000000000329c                __partition_end = .
LOAD main.o
LOAD activity.o
LOAD subprograms.o
LOAD gtypes.o
LOAD deployment.o
LOAD /usr/share/pok/libpok/drivers/rtl8029.o
LOAD /usr/share/pok/libpok/libpok.a
OUTPUT(the_cpu1_system_part_comProcess.elf elf32-i386)

.debug_abbrev   0x0000000000000000     0x27a1
 .debug_abbrev  0x0000000000000000      0x102 main.o
 .debug_abbrev  0x0000000000000102       0xa9 activity.o
 .debug_abbrev  0x00000000000001ab       0xe5 subprograms.o
 .debug_abbrev  0x0000000000000290       0x33 gtypes.o
 .debug_abbrev  0x00000000000002c3       0x51 deployment.o
 .debug_abbrev  0x0000000000000314      0x24b /usr/share/pok/libpok/drivers/rtl8029.o
 .debug_abbrev  0x000000000000055f      0x28a /usr/share/pok/libpok/libpok.a(arch.lo)
 .debug_abbrev  0x00000000000007e9      0x8b3 /usr/share/pok/libpok/libpok.a(middleware.lo)
 .debug_abbrev  0x000000000000109c      0x574 /usr/share/pok/libpok/libpok.a(arinc653.lo)
 .debug_abbrev  0x0000000000001610      0x667 /usr/share/pok/libpok/libpok.a(libc.lo)
 .debug_abbrev  0x0000000000001c77      0xb2a /usr/share/pok/libpok/libpok.a(core.lo)

.debug_info     0x0000000000000000     0x894c
 .debug_info    0x0000000000000000      0x2e5 main.o
 .debug_info    0x00000000000002e5      0x117 activity.o
 .debug_info    0x00000000000003fc      0x282 subprograms.o
 .debug_info    0x000000000000067e       0x6f gtypes.o
 .debug_info    0x00000000000006ed       0x8c deployment.o
 .debug_info    0x0000000000000779      0x80b /usr/share/pok/libpok/drivers/rtl8029.o
 .debug_info    0x0000000000000f84      0xa68 /usr/share/pok/libpok/libpok.a(arch.lo)
 .debug_info    0x00000000000019ec     0x1e4a /usr/share/pok/libpok/libpok.a(middleware.lo)
 .debug_info    0x0000000000003836     0x1b74 /usr/share/pok/libpok/libpok.a(arinc653.lo)
 .debug_info    0x00000000000053aa      0xee4 /usr/share/pok/libpok/libpok.a(libc.lo)
 .debug_info    0x000000000000628e     0x26be /usr/share/pok/libpok/libpok.a(core.lo)

.debug_line     0x0000000000000000     0x246e
 .debug_line    0x0000000000000000       0xb8 main.o
 .debug_line    0x00000000000000b8      0x17d activity.o
 .debug_line    0x0000000000000235      0x1b0 subprograms.o
 .debug_line    0x00000000000003e5       0x1d gtypes.o
 .debug_line    0x0000000000000402       0x5f deployment.o
 .debug_line    0x0000000000000461      0x1e4 /usr/share/pok/libpok/drivers/rtl8029.o
 .debug_line    0x0000000000000645      0x25e /usr/share/pok/libpok/libpok.a(arch.lo)
 .debug_line    0x00000000000008a3      0x78d /usr/share/pok/libpok/libpok.a(middleware.lo)
 .debug_line    0x0000000000001030      0x669 /usr/share/pok/libpok/libpok.a(arinc653.lo)
 .debug_line    0x0000000000001699      0x3fe /usr/share/pok/libpok/libpok.a(libc.lo)
 .debug_line    0x0000000000001a97      0x9d7 /usr/share/pok/libpok/libpok.a(core.lo)

.debug_loc      0x0000000000000000     0x162c
 .debug_loc     0x0000000000000000       0x29 main.o
 .debug_loc     0x0000000000000029       0x28 activity.o
 .debug_loc     0x0000000000000051       0x66 subprograms.o
 .debug_loc     0x00000000000000b7      0x387 /usr/share/pok/libpok/drivers/rtl8029.o
 .debug_loc     0x000000000000043e       0xfc /usr/share/pok/libpok/libpok.a(arch.lo)
 .debug_loc     0x000000000000053a      0x165 /usr/share/pok/libpok/libpok.a(middleware.lo)
 .debug_loc     0x000000000000069f      0x8d5 /usr/share/pok/libpok/libpok.a(arinc653.lo)
 .debug_loc     0x0000000000000f74      0x5d1 /usr/share/pok/libpok/libpok.a(libc.lo)
 .debug_loc     0x0000000000001545       0xe7 /usr/share/pok/libpok/libpok.a(core.lo)

.debug_pubnames
                0x0000000000000000      0xa43
 .debug_pubnames
                0x0000000000000000       0x86 main.o
 .debug_pubnames
                0x0000000000000086      0x10b activity.o
 .debug_pubnames
                0x0000000000000191      0x1c8 subprograms.o
 .debug_pubnames
                0x0000000000000359       0x54 deployment.o
 .debug_pubnames
                0x00000000000003ad       0x5a /usr/share/pok/libpok/drivers/rtl8029.o
 .debug_pubnames
                0x0000000000000407       0x73 /usr/share/pok/libpok/libpok.a(arch.lo)
 .debug_pubnames
                0x000000000000047a      0x156 /usr/share/pok/libpok/libpok.a(middleware.lo)
 .debug_pubnames
                0x00000000000005d0      0x238 /usr/share/pok/libpok/libpok.a(arinc653.lo)
 .debug_pubnames
                0x0000000000000808       0x80 /usr/share/pok/libpok/libpok.a(libc.lo)
 .debug_pubnames
                0x0000000000000888      0x1bb /usr/share/pok/libpok/libpok.a(core.lo)

.debug_aranges  0x0000000000000000      0x420
 .debug_aranges
                0x0000000000000000       0x20 main.o
 .debug_aranges
                0x0000000000000020       0x20 activity.o
 .debug_aranges
                0x0000000000000040       0x20 subprograms.o
 .debug_aranges
                0x0000000000000060       0x20 /usr/share/pok/libpok/drivers/rtl8029.o
 .debug_aranges
                0x0000000000000080       0x60 /usr/share/pok/libpok/libpok.a(arch.lo)
 .debug_aranges
                0x00000000000000e0       0xe0 /usr/share/pok/libpok/libpok.a(middleware.lo)
 .debug_aranges
                0x00000000000001c0       0xa0 /usr/share/pok/libpok/libpok.a(arinc653.lo)
 .debug_aranges
                0x0000000000000260       0x80 /usr/share/pok/libpok/libpok.a(libc.lo)
 .debug_aranges
                0x00000000000002e0      0x140 /usr/share/pok/libpok/libpok.a(core.lo)

.debug_str      0x0000000000000000     0x2c36
 .debug_str     0x0000000000000000      0x324 main.o
                                        0x39d (size before relaxing)
 .debug_str     0x0000000000000324      0x2ee activity.o
                                        0x45e (size before relaxing)
 .debug_str     0x0000000000000612      0xe18 subprograms.o
                                       0x1116 (size before relaxing)
 .debug_str     0x000000000000142a        0x9 gtypes.o
                                        0x12e (size before relaxing)
 .debug_str     0x0000000000001433        0xd deployment.o
                                        0x17d (size before relaxing)
 .debug_str     0x0000000000001440      0x40d /usr/share/pok/libpok/drivers/rtl8029.o
                                        0x4ea (size before relaxing)
 .debug_str     0x000000000000184d      0x49f /usr/share/pok/libpok/libpok.a(arch.lo)
                                       0x16f1 (size before relaxing)
 .debug_str     0x0000000000001cec      0x3d5 /usr/share/pok/libpok/libpok.a(middleware.lo)
                                       0x463d (size before relaxing)
 .debug_str     0x00000000000020c1      0x651 /usr/share/pok/libpok/libpok.a(arinc653.lo)
                                       0x2b83 (size before relaxing)
 .debug_str     0x0000000000002712      0x246 /usr/share/pok/libpok/libpok.a(libc.lo)
                                        0xf7c (size before relaxing)
 .debug_str     0x0000000000002958      0x2de /usr/share/pok/libpok/libpok.a(core.lo)
                                       0x5613 (size before relaxing)

.comment        0x0000000000000000      0x69c
 .comment       0x0000000000000000       0x12 main.o
 .comment       0x0000000000000012       0x12 activity.o
 .comment       0x0000000000000024       0x12 subprograms.o
 .comment       0x0000000000000036       0x12 gtypes.o
 .comment       0x0000000000000048       0x12 deployment.o
 .comment       0x000000000000005a       0x12 /usr/share/pok/libpok/drivers/rtl8029.o
 .comment       0x000000000000006c       0x48 /usr/share/pok/libpok/libpok.a(arch.lo)
 .comment       0x00000000000000b4      0x1b0 /usr/share/pok/libpok/libpok.a(middleware.lo)
 .comment       0x0000000000000264       0xc6 /usr/share/pok/libpok/libpok.a(arinc653.lo)
 .comment       0x000000000000032a       0xfc /usr/share/pok/libpok/libpok.a(libc.lo)
 .comment       0x0000000000000426      0x276 /usr/share/pok/libpok/libpok.a(core.lo)

.note.GNU-stack
                0x0000000000000000        0x0
 .note.GNU-stack
                0x0000000000000000        0x0 main.o
 .note.GNU-stack
                0x0000000000000000        0x0 activity.o
 .note.GNU-stack
                0x0000000000000000        0x0 subprograms.o
 .note.GNU-stack
                0x0000000000000000        0x0 gtypes.o
 .note.GNU-stack
                0x0000000000000000        0x0 deployment.o
 .note.GNU-stack
                0x0000000000000000        0x0 /usr/share/pok/libpok/drivers/rtl8029.o
 .note.GNU-stack
                0x0000000000000000        0x0 /usr/share/pok/libpok/libpok.a(arch.lo)
 .note.GNU-stack
                0x0000000000000000        0x0 /usr/share/pok/libpok/libpok.a(middleware.lo)
 .note.GNU-stack
                0x0000000000000000        0x0 /usr/share/pok/libpok/libpok.a(arinc653.lo)
 .note.GNU-stack
                0x0000000000000000        0x0 /usr/share/pok/libpok/libpok.a(libc.lo)
 .note.GNU-stack
                0x0000000000000000        0x0 /usr/share/pok/libpok/libpok.a(core.lo)

.debug_ranges   0x0000000000000000       0x60
 .debug_ranges  0x0000000000000000       0x30 /usr/share/pok/libpok/drivers/rtl8029.o
 .debug_ranges  0x0000000000000030       0x30 /usr/share/pok/libpok/libpok.a(libc.lo)
