Archive member included because of file (symbol)

/usr/share/pok/libpok/libpok.a(arch.lo)
                              /usr/share/pok/libpok/drivers/rtl8029.o (pok_inb)
/usr/share/pok/libpok/libpok.a(core.lo)
                              (__pok_partition_start)
/usr/share/pok/libpok/libpok.a(middleware.lo)
                              activity.o (pok_port_virtual_create)
/usr/share/pok/libpok/libpok.a(arinc653.lo)
                              subprograms.o (PERIODIC_WAIT)
/usr/share/pok/libpok/libpok.a(libc.lo)
                              main.o (strcpy)

Allocating common symbols
Common symbol       size              file

errno               0x4               /usr/share/pok/libpok/libpok.a(core.lo)
arinc_threads       0xc               main.o
arinc_process_attribute
                    0x78              /usr/share/pok/libpok/libpok.a(arinc653.lo)
the_cpu1_system_part_comProcess_the_proc1_p_outglobalVariable
                    0x4               main.o

Memory Configuration

Name             Origin             Length             Attributes
*default*        0x0000000000000000 0xffffffffffffffff

Linker script and memory map

                0x0000000000000000                . = 0x0
                0x0000000000000000                __partition_begin = .

.text           0x0000000000000000     0x25e8
 *(.text)
 .text          0x0000000000000000      0x136 main.o
                0x0000000000000000                main
 *fill*         0x0000000000000136        0x2 00
 .text          0x0000000000000138       0x6e activity.o
                0x0000000000000138                test_network_rtl8029_remote_communications_refined_model__the_cpu1_system_part_comProcess_system_part_comm_impl_Job
                0x0000000000000185                test_network_rtl8029_remote_communications_refined_model__the_cpu1_system_part_comProcess_the_cpu1_system_part_comm_impl_Job
 *fill*         0x00000000000001a6        0xa 00
 .text          0x00000000000001b0      0x134 subprograms.o
                0x00000000000001b0                test_network_rtl8029_remote_communications_refined_model__the_cpu1_system_part_comProcess_system_part_comm_entrypoint_impl
                0x0000000000000284                test_network_rtl8029_remote_communications_refined_model__the_cpu1_system_part_comProcess_the_cpu1_system_part_comm_entrypoint_impl
 .text          0x00000000000002e4        0x0 gtypes.o
 .text          0x00000000000002e4        0x0 deployment.o
 .text          0x00000000000002e4      0xbf5 /usr/share/pok/libpok/drivers/rtl8029.o
                0x00000000000003f0                rtl8029_read
                0x00000000000004dd                rtl8029_write
                0x0000000000000865                rtl8029_polling
                0x0000000000000b93                rtl8029_init
 *fill*         0x0000000000000ed9        0x3 00
 .text          0x0000000000000edc      0x179 /usr/share/pok/libpok/libpok.a(arch.lo)
                0x0000000000000edc                pok_inb
                0x0000000000000f5c                pok_outb
                0x0000000000000fdc                pci_register
                0x0000000000001030                pok_do_syscall
 *fill*         0x0000000000001055        0x3 00
 .text          0x0000000000001058      0x31f /usr/share/pok/libpok/libpok.a(core.lo)
                0x0000000000001058                __pok_partition_start
                0x000000000000107c                pok_thread_create
                0x00000000000010d0                pok_thread_attr_init
                0x000000000000112c                pok_thread_period
                0x0000000000001180                pok_thread_sleep
                0x00000000000011d4                pok_thread_status
                0x0000000000001228                pok_thread_delayed_start
                0x000000000000127c                pok_thread_id
                0x00000000000012d0                pok_thread_set_priority
                0x0000000000001324                pok_thread_resume
 *fill*         0x0000000000001377        0x1 00
 .text          0x0000000000001378      0x248 /usr/share/pok/libpok/libpok.a(middleware.lo)
                0x0000000000001378                pok_port_queueing_create
                0x00000000000013cc                pok_port_queueing_receive
                0x000000000000141c                pok_port_queueing_send
                0x0000000000001470                pok_port_virtual_create
                0x00000000000014c4                pok_port_virtual_destination
                0x0000000000001518                pok_port_virtual_nb_destinations
                0x000000000000156c                pok_port_virtual_get_global
 .text          0x00000000000015c0      0xa8d /usr/share/pok/libpok/libpok.a(arinc653.lo)
                0x00000000000015c0                GET_PROCESS_ID
                0x000000000000160c                GET_MY_ID
                0x000000000000164e                GET_PROCESS_STATUS
                0x0000000000001710                CREATE_PROCESS
                0x000000000000181d                STOP_SELF
                0x0000000000001871                SET_PRIORITY
                0x00000000000018e6                SUSPEND
                0x0000000000001986                RESUME
                0x0000000000001a01                STOP
                0x0000000000001a21                DELAYED_START
                0x0000000000001ab1                START
                0x0000000000001aec                TIMED_WAIT
                0x0000000000001b1a                PERIODIC_WAIT
                0x0000000000001b3c                CREATE_QUEUING_PORT
                0x0000000000001bcd                SEND_QUEUING_MESSAGE
                0x0000000000001c11                RECEIVE_QUEUING_MESSAGE
                0x0000000000001c68                GET_QUEUING_PORT_ID
                0x0000000000001cc1                GET_QUEUING_PORT_STATUS
                0x0000000000001d3a                CLEAR_QUEUING_PORT
                0x0000000000001d60                GET_PARTITION_STATUS
                0x0000000000001f05                SET_PARTITION_MODE
                0x0000000000001ffc                process_name_exist
 *fill*         0x000000000000204d        0x3 00
 .text          0x0000000000002050      0x598 /usr/share/pok/libpok/libpok.a(libc.lo)
                0x0000000000002380                vprintf
                0x00000000000024db                printf
                0x0000000000002510                memcpy
                0x0000000000002550                strcmp
                0x00000000000025a8                strcpy

.iplt           0x00000000000025f0        0x0
 .iplt          0x0000000000000000        0x0 main.o

.rodata         0x0000000000002600       0x7d
 *(.rodata)
 .rodata        0x0000000000002600       0x7d /usr/share/pok/libpok/libpok.a(libc.lo)

.rodata.str1.4  0x0000000000002680      0x12c
 .rodata.str1.4
                0x0000000000002680       0x30 main.o
 .rodata.str1.4
                0x00000000000026b0       0xfc /usr/share/pok/libpok/drivers/rtl8029.o
                                         0xfb (size before relaxing)

.rodata.str1.1  0x00000000000027ac       0xa7
 .rodata.str1.1
                0x00000000000027ac       0x1a main.o
                                         0x2b (size before relaxing)
 .rodata.str1.1
                0x00000000000027c6       0x1d activity.o
 .rodata.str1.1
                0x00000000000027e3        0xe subprograms.o
 .rodata.str1.1
                0x00000000000027f1       0x29 /usr/share/pok/libpok/drivers/rtl8029.o
                                         0x31 (size before relaxing)
 .rodata.str1.1
                0x000000000000281a       0x39 /usr/share/pok/libpok/libpok.a(arch.lo)

.eh_frame       0x0000000000002854      0x964
 .eh_frame      0x0000000000002854       0x48 main.o
 .eh_frame      0x000000000000289c       0x3c activity.o
                                         0x54 (size before relaxing)
 .eh_frame      0x00000000000028d8       0x3c subprograms.o
                                         0x54 (size before relaxing)
 .eh_frame      0x0000000000002914       0xc8 /usr/share/pok/libpok/drivers/rtl8029.o
                                         0xe0 (size before relaxing)
 .eh_frame      0x00000000000029dc       0x94 /usr/share/pok/libpok/libpok.a(arch.lo)
                                         0xdc (size before relaxing)
 .eh_frame      0x0000000000002a70      0x140 /usr/share/pok/libpok/libpok.a(core.lo)
                                        0x230 (size before relaxing)
 .eh_frame      0x0000000000002bb0       0xe0 /usr/share/pok/libpok/libpok.a(middleware.lo)
                                        0x188 (size before relaxing)
 .eh_frame      0x0000000000002c90      0x32c /usr/share/pok/libpok/libpok.a(arinc653.lo)
                                        0x3a4 (size before relaxing)
 .eh_frame      0x0000000000002fbc      0x1fc /usr/share/pok/libpok/libpok.a(libc.lo)
                                        0x25c (size before relaxing)

.rel.dyn        0x00000000000031b8        0x0
 .rel.iplt      0x0000000000000000        0x0 main.o
 .rel.text      0x0000000000000000        0x0 main.o

.data           0x00000000000031c0      0x3b8
 *(.data)
 .data          0x00000000000031c0        0x0 main.o
 .data          0x00000000000031c0        0x0 activity.o
 .data          0x00000000000031c0        0x0 subprograms.o
 .data          0x00000000000031c0        0x0 gtypes.o
 .data          0x00000000000031c0        0x0 deployment.o
 .data          0x00000000000031c0        0x0 /usr/share/pok/libpok/drivers/rtl8029.o
 .data          0x00000000000031c0        0x0 /usr/share/pok/libpok/libpok.a(arch.lo)
 .data          0x00000000000031c0        0x0 /usr/share/pok/libpok/libpok.a(core.lo)
 .data          0x00000000000031c0        0x0 /usr/share/pok/libpok/libpok.a(middleware.lo)
 .data          0x00000000000031c0        0x0 /usr/share/pok/libpok/libpok.a(arinc653.lo)
 .data          0x00000000000031c0        0x0 /usr/share/pok/libpok/libpok.a(libc.lo)
 *(.bss)
 .bss           0x00000000000031c0        0x0 main.o
 .bss           0x00000000000031c0        0x0 activity.o
 .bss           0x00000000000031c0        0x8 subprograms.o
                0x00000000000031c0                the_cpu1_system_part_comProcess_the_cpu1_system_part_comm_entrypoint_impl_current_state
                0x00000000000031c4                the_cpu1_system_part_comProcess_system_part_comm_entrypoint_impl_current_state
 .bss           0x00000000000031c8        0x0 gtypes.o
 .bss           0x00000000000031c8        0x0 deployment.o
 *fill*         0x00000000000031c8       0x18 00
 .bss           0x00000000000031e0      0x26c /usr/share/pok/libpok/drivers/rtl8029.o
 .bss           0x000000000000344c        0x0 /usr/share/pok/libpok/libpok.a(arch.lo)
 .bss           0x000000000000344c        0x0 /usr/share/pok/libpok/libpok.a(core.lo)
 .bss           0x000000000000344c        0x0 /usr/share/pok/libpok/libpok.a(middleware.lo)
 .bss           0x000000000000344c        0x0 /usr/share/pok/libpok/libpok.a(arinc653.lo)
 *fill*         0x000000000000344c       0x14 00
 .bss           0x0000000000003460       0x84 /usr/share/pok/libpok/libpok.a(libc.lo)
 *(COMMON)
 COMMON         0x00000000000034e4       0x10 main.o
                0x00000000000034e4                arinc_threads
                0x00000000000034f0                the_cpu1_system_part_comProcess_the_proc1_p_outglobalVariable
 COMMON         0x00000000000034f4        0x4 /usr/share/pok/libpok/libpok.a(core.lo)
                0x00000000000034f4                errno
 *fill*         0x00000000000034f8        0x8 00
 COMMON         0x0000000000003500       0x78 /usr/share/pok/libpok/libpok.a(arinc653.lo)
                0x0000000000003500                arinc_process_attribute
                0x0000000000003578                __partition_end = .
LOAD main.o
LOAD activity.o
LOAD subprograms.o
LOAD gtypes.o
LOAD deployment.o
LOAD /usr/share/pok/libpok/drivers/rtl8029.o
LOAD /usr/share/pok/libpok/libpok.a
OUTPUT(the_cpu1_system_part_comProcess.elf elf32-i386)

.igot.plt       0x0000000000003578        0x0
 .igot.plt      0x0000000000000000        0x0 main.o

.debug_info     0x0000000000000000     0x891b
 .debug_info    0x0000000000000000      0x283 main.o
 .debug_info    0x0000000000000283      0x12f activity.o
 .debug_info    0x00000000000003b2      0x2b2 subprograms.o
 .debug_info    0x0000000000000664       0x6c gtypes.o
 .debug_info    0x00000000000006d0       0x89 deployment.o
 .debug_info    0x0000000000000759      0x832 /usr/share/pok/libpok/drivers/rtl8029.o
 .debug_info    0x0000000000000f8b      0xa73 /usr/share/pok/libpok/libpok.a(arch.lo)
 .debug_info    0x00000000000019fe     0x26ac /usr/share/pok/libpok/libpok.a(core.lo)
 .debug_info    0x00000000000040aa     0x1e48 /usr/share/pok/libpok/libpok.a(middleware.lo)
 .debug_info    0x0000000000005ef2     0x1b48 /usr/share/pok/libpok/libpok.a(arinc653.lo)
 .debug_info    0x0000000000007a3a      0xee1 /usr/share/pok/libpok/libpok.a(libc.lo)

.debug_abbrev   0x0000000000000000     0x23b2
 .debug_abbrev  0x0000000000000000       0xc8 main.o
 .debug_abbrev  0x00000000000000c8       0x94 activity.o
 .debug_abbrev  0x000000000000015c       0xee subprograms.o
 .debug_abbrev  0x000000000000024a       0x2a gtypes.o
 .debug_abbrev  0x0000000000000274       0x48 deployment.o
 .debug_abbrev  0x00000000000002bc      0x24b /usr/share/pok/libpok/drivers/rtl8029.o
 .debug_abbrev  0x0000000000000507      0x25b /usr/share/pok/libpok/libpok.a(arch.lo)
 .debug_abbrev  0x0000000000000762      0x9ef /usr/share/pok/libpok/libpok.a(core.lo)
 .debug_abbrev  0x0000000000001151      0x790 /usr/share/pok/libpok/libpok.a(middleware.lo)
 .debug_abbrev  0x00000000000018e1      0x4ea /usr/share/pok/libpok/libpok.a(arinc653.lo)
 .debug_abbrev  0x0000000000001dcb      0x5e7 /usr/share/pok/libpok/libpok.a(libc.lo)

.debug_loc      0x0000000000000000     0x1a14
 .debug_loc     0x0000000000000000       0x38 main.o
 .debug_loc     0x0000000000000038       0x58 activity.o
 .debug_loc     0x0000000000000090       0x58 subprograms.o
 .debug_loc     0x00000000000000e8      0x54a /usr/share/pok/libpok/drivers/rtl8029.o
 .debug_loc     0x0000000000000632      0x14a /usr/share/pok/libpok/libpok.a(arch.lo)
 .debug_loc     0x000000000000077c      0x230 /usr/share/pok/libpok/libpok.a(core.lo)
 .debug_loc     0x00000000000009ac      0x188 /usr/share/pok/libpok/libpok.a(middleware.lo)
 .debug_loc     0x0000000000000b34      0x6c5 /usr/share/pok/libpok/libpok.a(arinc653.lo)
 .debug_loc     0x00000000000011f9      0x81b /usr/share/pok/libpok/libpok.a(libc.lo)

.debug_aranges  0x0000000000000000      0x420
 .debug_aranges
                0x0000000000000000       0x20 main.o
 .debug_aranges
                0x0000000000000020       0x20 activity.o
 .debug_aranges
                0x0000000000000040       0x20 subprograms.o
 .debug_aranges
                0x0000000000000060       0x20 /usr/share/pok/libpok/drivers/rtl8029.o
 .debug_aranges
                0x0000000000000080       0x60 /usr/share/pok/libpok/libpok.a(arch.lo)
 .debug_aranges
                0x00000000000000e0      0x140 /usr/share/pok/libpok/libpok.a(core.lo)
 .debug_aranges
                0x0000000000000220       0xe0 /usr/share/pok/libpok/libpok.a(middleware.lo)
 .debug_aranges
                0x0000000000000300       0xa0 /usr/share/pok/libpok/libpok.a(arinc653.lo)
 .debug_aranges
                0x00000000000003a0       0x80 /usr/share/pok/libpok/libpok.a(libc.lo)

.debug_line     0x0000000000000000     0x2493
 .debug_line    0x0000000000000000       0xab main.o
 .debug_line    0x00000000000000ab      0x192 activity.o
 .debug_line    0x000000000000023d      0x1b9 subprograms.o
 .debug_line    0x00000000000003f6       0x1d gtypes.o
 .debug_line    0x0000000000000413       0x5f deployment.o
 .debug_line    0x0000000000000472      0x234 /usr/share/pok/libpok/drivers/rtl8029.o
 .debug_line    0x00000000000006a6      0x25c /usr/share/pok/libpok/libpok.a(arch.lo)
 .debug_line    0x0000000000000902      0x9e2 /usr/share/pok/libpok/libpok.a(core.lo)
 .debug_line    0x00000000000012e4      0x794 /usr/share/pok/libpok/libpok.a(middleware.lo)
 .debug_line    0x0000000000001a78      0x623 /usr/share/pok/libpok/libpok.a(arinc653.lo)
 .debug_line    0x000000000000209b      0x3f8 /usr/share/pok/libpok/libpok.a(libc.lo)

.debug_str      0x0000000000000000     0x2c1c
 .debug_str     0x0000000000000000      0x2f2 main.o
                                        0x364 (size before relaxing)
 .debug_str     0x00000000000002f2      0x2fb activity.o
                                        0x47b (size before relaxing)
 .debug_str     0x00000000000005ed      0xe36 subprograms.o
                                       0x1144 (size before relaxing)
 .debug_str     0x0000000000001423        0x9 gtypes.o
                                        0x13e (size before relaxing)
 .debug_str     0x000000000000142c        0xd deployment.o
                                        0x18d (size before relaxing)
 .debug_str     0x0000000000001439      0x3e2 /usr/share/pok/libpok/drivers/rtl8029.o
                                        0x4ea (size before relaxing)
 .debug_str     0x000000000000181b      0x4a5 /usr/share/pok/libpok/libpok.a(arch.lo)
                                       0x1717 (size before relaxing)
 .debug_str     0x0000000000001cc0      0x3df /usr/share/pok/libpok/libpok.a(core.lo)
                                       0x56ab (size before relaxing)
 .debug_str     0x000000000000209f      0x30e /usr/share/pok/libpok/libpok.a(middleware.lo)
                                       0x46c2 (size before relaxing)
 .debug_str     0x00000000000023ad      0x629 /usr/share/pok/libpok/libpok.a(arinc653.lo)
                                       0x2bbc (size before relaxing)
 .debug_str     0x00000000000029d6      0x246 /usr/share/pok/libpok/libpok.a(libc.lo)
                                        0xf8f (size before relaxing)

.comment        0x0000000000000000       0x2a
 .comment       0x0000000000000000       0x2a main.o
                                         0x2b (size before relaxing)
 .comment       0x0000000000000000       0x2b activity.o
 .comment       0x0000000000000000       0x2b subprograms.o
 .comment       0x0000000000000000       0x2b gtypes.o
 .comment       0x0000000000000000       0x2b deployment.o
 .comment       0x0000000000000000       0x2b /usr/share/pok/libpok/drivers/rtl8029.o
 .comment       0x0000000000000000       0xac /usr/share/pok/libpok/libpok.a(arch.lo)
 .comment       0x0000000000000000      0x5e1 /usr/share/pok/libpok/libpok.a(core.lo)
 .comment       0x0000000000000000      0x408 /usr/share/pok/libpok/libpok.a(middleware.lo)
 .comment       0x0000000000000000      0x1d9 /usr/share/pok/libpok/libpok.a(arinc653.lo)
 .comment       0x0000000000000000      0x25a /usr/share/pok/libpok/libpok.a(libc.lo)

.note.GNU-stack
                0x0000000000000000        0x0
 .note.GNU-stack
                0x0000000000000000        0x0 main.o
 .note.GNU-stack
                0x0000000000000000        0x0 activity.o
 .note.GNU-stack
                0x0000000000000000        0x0 subprograms.o
 .note.GNU-stack
                0x0000000000000000        0x0 gtypes.o
 .note.GNU-stack
                0x0000000000000000        0x0 deployment.o
 .note.GNU-stack
                0x0000000000000000        0x0 /usr/share/pok/libpok/drivers/rtl8029.o
 .note.GNU-stack
                0x0000000000000000        0x0 /usr/share/pok/libpok/libpok.a(arch.lo)
 .note.GNU-stack
                0x0000000000000000        0x0 /usr/share/pok/libpok/libpok.a(core.lo)
 .note.GNU-stack
                0x0000000000000000        0x0 /usr/share/pok/libpok/libpok.a(middleware.lo)
 .note.GNU-stack
                0x0000000000000000        0x0 /usr/share/pok/libpok/libpok.a(arinc653.lo)
 .note.GNU-stack
                0x0000000000000000        0x0 /usr/share/pok/libpok/libpok.a(libc.lo)

.debug_ranges   0x0000000000000000       0x60
 .debug_ranges  0x0000000000000000       0x30 /usr/share/pok/libpok/drivers/rtl8029.o
 .debug_ranges  0x0000000000000030       0x30 /usr/share/pok/libpok/libpok.a(libc.lo)
