Archive member included because of file (symbol)

/usr/share/pok/libpok/libpok.a(core.lo)
                              (__pok_partition_start)
/usr/share/pok/libpok/libpok.a(arinc653.lo)
                              subprograms.o (PERIODIC_WAIT)
/usr/share/pok/libpok/libpok.a(libc.lo)
                              main.o (strcpy)
/usr/share/pok/libpok/libpok.a(arch.lo)
                              /usr/share/pok/libpok/libpok.a(core.lo) (pok_do_syscall)
/usr/share/pok/libpok/libpok.a(middleware.lo)
                              /usr/share/pok/libpok/libpok.a(arinc653.lo) (pok_port_queueing_create)

Allocating common symbols
Common symbol       size              file

errno               0x4               /usr/share/pok/libpok/libpok.a(core.lo)
arinc_threads       0x8               main.o
the_proc1_p_out_globalVariable
                    0x4               main.o
arinc_process_attribute
                    0x50              /usr/share/pok/libpok/libpok.a(arinc653.lo)

Memory Configuration

Name             Origin             Length             Attributes
*default*        0x0000000000000000 0xffffffffffffffff

Linker script and memory map

                0x0000000000000000                . = 0x0
                0x0000000000000000                __partition_begin = .

.text           0x0000000000000000     0x1788
 *(.text)
 .text          0x0000000000000000       0xe7 main.o
                0x0000000000000000                main
 *fill*         0x00000000000000e7        0x1 00
 .text          0x00000000000000e8       0x23 activity.o
                0x00000000000000e8                test_network_rtl8029_remote_communications_refined_model__the_proc1_the_sender_impl_Job
 *fill*         0x000000000000010b        0x5 00
 .text          0x0000000000000110       0x95 subprograms.o
                0x0000000000000110                test_network_rtl8029_remote_communications_refined_model__the_proc1_the_sender_entrypoint_impl
 *fill*         0x00000000000001a5        0x3 00
 .text          0x00000000000001a8        0x0 gtypes.o
 .text          0x00000000000001a8        0x0 deployment.o
 .text          0x00000000000001a8      0x15d /home/borde/Dev/develop/ramses/build_and_test/fr.tpt.aadl.ramses.junit.tests/tests/arinc653/common-components/user_code.o
                0x00000000000001a8                receive
                0x00000000000001df                send
                0x000000000000022a                event_received
                0x000000000000026c                nothing_received
                0x000000000000029f                send_event
                0x00000000000002d2                periodic
 *fill*         0x0000000000000305        0x3 00
 .text          0x0000000000000308      0x31f /usr/share/pok/libpok/libpok.a(core.lo)
                0x0000000000000308                __pok_partition_start
                0x000000000000032c                pok_thread_create
                0x0000000000000380                pok_thread_attr_init
                0x00000000000003dc                pok_thread_period
                0x0000000000000430                pok_thread_sleep
                0x0000000000000484                pok_thread_status
                0x00000000000004d8                pok_thread_delayed_start
                0x000000000000052c                pok_thread_id
                0x0000000000000580                pok_thread_set_priority
                0x00000000000005d4                pok_thread_resume
 *fill*         0x0000000000000627        0x9 00
 .text          0x0000000000000630      0xa91 /usr/share/pok/libpok/libpok.a(arinc653.lo)
                0x0000000000000630                GET_PROCESS_ID
                0x000000000000067c                GET_MY_ID
                0x00000000000006be                GET_PROCESS_STATUS
                0x0000000000000780                CREATE_PROCESS
                0x000000000000088d                STOP_SELF
                0x00000000000008e1                SET_PRIORITY
                0x0000000000000956                SUSPEND
                0x00000000000009f6                RESUME
                0x0000000000000a71                STOP
                0x0000000000000a91                DELAYED_START
                0x0000000000000b21                START
                0x0000000000000b5c                TIMED_WAIT
                0x0000000000000b8a                PERIODIC_WAIT
                0x0000000000000bac                CREATE_QUEUING_PORT
                0x0000000000000c3d                SEND_QUEUING_MESSAGE
                0x0000000000000c81                RECEIVE_QUEUING_MESSAGE
                0x0000000000000cd8                GET_QUEUING_PORT_ID
                0x0000000000000d31                GET_QUEUING_PORT_STATUS
                0x0000000000000daa                CLEAR_QUEUING_PORT
                0x0000000000000dd0                GET_PARTITION_STATUS
                0x0000000000000f75                SET_PARTITION_MODE
                0x000000000000106c                process_name_exist
 *fill*         0x00000000000010c1        0xf 00
 .text          0x00000000000010d0      0x598 /usr/share/pok/libpok/libpok.a(libc.lo)
                0x0000000000001400                vprintf
                0x000000000000155b                printf
                0x0000000000001590                memcpy
                0x00000000000015d0                strcmp
                0x0000000000001628                strcpy
 .text          0x0000000000001668       0x25 /usr/share/pok/libpok/libpok.a(arch.lo)
                0x0000000000001668                pok_do_syscall
 *fill*         0x000000000000168d        0x3 00
 .text          0x0000000000001690       0xf8 /usr/share/pok/libpok/libpok.a(middleware.lo)
                0x0000000000001690                pok_port_queueing_create
                0x00000000000016e4                pok_port_queueing_receive
                0x0000000000001734                pok_port_queueing_send

.iplt           0x0000000000001790        0x0
 .iplt          0x0000000000000000        0x0 main.o

.rodata         0x00000000000017a0       0x7d
 *(.rodata)
 .rodata        0x00000000000017a0       0x7d /usr/share/pok/libpok/libpok.a(libc.lo)

.rodata.str1.1  0x000000000000181d       0x86
 .rodata.str1.1
                0x000000000000181d       0x1b main.o
 .rodata.str1.1
                0x0000000000001838       0x6b /home/borde/Dev/develop/ramses/build_and_test/fr.tpt.aadl.ramses.junit.tests/tests/arinc653/common-components/user_code.o

.eh_frame       0x00000000000018a4      0x824
 .eh_frame      0x00000000000018a4       0x40 main.o
 .eh_frame      0x00000000000018e4       0x1c activity.o
                                         0x34 (size before relaxing)
 .eh_frame      0x0000000000001900       0x20 subprograms.o
                                         0x38 (size before relaxing)
 .eh_frame      0x0000000000001920       0xc0 /home/borde/Dev/develop/ramses/build_and_test/fr.tpt.aadl.ramses.junit.tests/tests/arinc653/common-components/user_code.o
                                         0xd8 (size before relaxing)
 .eh_frame      0x00000000000019e0      0x140 /usr/share/pok/libpok/libpok.a(core.lo)
                                        0x230 (size before relaxing)
 .eh_frame      0x0000000000001b20      0x328 /usr/share/pok/libpok/libpok.a(arinc653.lo)
                                        0x3a0 (size before relaxing)
 .eh_frame      0x0000000000001e48      0x1fc /usr/share/pok/libpok/libpok.a(libc.lo)
                                        0x25c (size before relaxing)
 .eh_frame      0x0000000000002044       0x24 /usr/share/pok/libpok/libpok.a(arch.lo)
                                         0x3c (size before relaxing)
 .eh_frame      0x0000000000002068       0x60 /usr/share/pok/libpok/libpok.a(middleware.lo)
                                         0xa8 (size before relaxing)

.rel.dyn        0x00000000000020c8        0x0
 .rel.iplt      0x0000000000000000        0x0 main.o
 .rel.text      0x0000000000000000        0x0 main.o

.data           0x00000000000020e0      0x110
 *(.data)
 .data          0x00000000000020e0        0x0 main.o
 .data          0x00000000000020e0        0x0 activity.o
 .data          0x00000000000020e0        0x0 subprograms.o
 .data          0x00000000000020e0        0x0 gtypes.o
 .data          0x00000000000020e0        0x0 deployment.o
 .data          0x00000000000020e0        0x0 /home/borde/Dev/develop/ramses/build_and_test/fr.tpt.aadl.ramses.junit.tests/tests/arinc653/common-components/user_code.o
 .data          0x00000000000020e0        0x0 /usr/share/pok/libpok/libpok.a(core.lo)
 .data          0x00000000000020e0        0x0 /usr/share/pok/libpok/libpok.a(arinc653.lo)
 .data          0x00000000000020e0        0x0 /usr/share/pok/libpok/libpok.a(libc.lo)
 .data          0x00000000000020e0        0x0 /usr/share/pok/libpok/libpok.a(arch.lo)
 .data          0x00000000000020e0        0x0 /usr/share/pok/libpok/libpok.a(middleware.lo)
 *(.bss)
 .bss           0x00000000000020e0        0x0 main.o
 .bss           0x00000000000020e0        0x0 activity.o
 .bss           0x00000000000020e0        0x4 subprograms.o
                0x00000000000020e0                the_proc1_the_sender_entrypoint_impl_current_state
 .bss           0x00000000000020e4        0x0 gtypes.o
 .bss           0x00000000000020e4        0x0 deployment.o
 .bss           0x00000000000020e4        0x4 /home/borde/Dev/develop/ramses/build_and_test/fr.tpt.aadl.ramses.junit.tests/tests/arinc653/common-components/user_code.o
                0x00000000000020e4                counter
                0x00000000000020e6                value
 .bss           0x00000000000020e8        0x0 /usr/share/pok/libpok/libpok.a(core.lo)
 .bss           0x00000000000020e8        0x0 /usr/share/pok/libpok/libpok.a(arinc653.lo)
 *fill*         0x00000000000020e8       0x18 00
 .bss           0x0000000000002100       0x84 /usr/share/pok/libpok/libpok.a(libc.lo)
 .bss           0x0000000000002184        0x0 /usr/share/pok/libpok/libpok.a(arch.lo)
 .bss           0x0000000000002184        0x0 /usr/share/pok/libpok/libpok.a(middleware.lo)
 *(COMMON)
 COMMON         0x0000000000002184        0xc main.o
                0x0000000000002184                arinc_threads
                0x000000000000218c                the_proc1_p_out_globalVariable
 COMMON         0x0000000000002190        0x4 /usr/share/pok/libpok/libpok.a(core.lo)
                0x0000000000002190                errno
 *fill*         0x0000000000002194        0xc 00
 COMMON         0x00000000000021a0       0x50 /usr/share/pok/libpok/libpok.a(arinc653.lo)
                0x00000000000021a0                arinc_process_attribute
                0x00000000000021f0                __partition_end = .
LOAD main.o
LOAD activity.o
LOAD subprograms.o
LOAD gtypes.o
LOAD deployment.o
LOAD /home/borde/Dev/develop/ramses/build_and_test/fr.tpt.aadl.ramses.junit.tests/tests/arinc653/common-components/user_code.o
LOAD /usr/share/pok/libpok/libpok.a
OUTPUT(the_proc1.elf elf32-i386)

.igot.plt       0x00000000000021f0        0x0
 .igot.plt      0x0000000000000000        0x0 main.o

.debug_info     0x0000000000000000     0x6c77
 .debug_info    0x0000000000000000      0x292 main.o
 .debug_info    0x0000000000000292       0x9e activity.o
 .debug_info    0x0000000000000330      0x1ab subprograms.o
 .debug_info    0x00000000000004db       0x6c gtypes.o
 .debug_info    0x0000000000000547       0x89 deployment.o
 .debug_info    0x00000000000005d0      0x139 /home/borde/Dev/develop/ramses/build_and_test/fr.tpt.aadl.ramses.junit.tests/tests/arinc653/common-components/user_code.o
 .debug_info    0x0000000000000709     0x2524 /usr/share/pok/libpok/libpok.a(core.lo)
 .debug_info    0x0000000000002c2d     0x1ab5 /usr/share/pok/libpok/libpok.a(arinc653.lo)
 .debug_info    0x00000000000046e2      0xeb0 /usr/share/pok/libpok/libpok.a(libc.lo)
 .debug_info    0x0000000000005592      0x432 /usr/share/pok/libpok/libpok.a(arch.lo)
 .debug_info    0x00000000000059c4     0x12b3 /usr/share/pok/libpok/libpok.a(middleware.lo)

.debug_abbrev   0x0000000000000000     0x1e7a
 .debug_abbrev  0x0000000000000000       0xde main.o
 .debug_abbrev  0x00000000000000de       0x64 activity.o
 .debug_abbrev  0x0000000000000142       0xba subprograms.o
 .debug_abbrev  0x00000000000001fc       0x2a gtypes.o
 .debug_abbrev  0x0000000000000226       0x48 deployment.o
 .debug_abbrev  0x000000000000026e       0x88 /home/borde/Dev/develop/ramses/build_and_test/fr.tpt.aadl.ramses.junit.tests/tests/arinc653/common-components/user_code.o
 .debug_abbrev  0x00000000000002f6      0x9ef /usr/share/pok/libpok/libpok.a(core.lo)
 .debug_abbrev  0x0000000000000ce5      0x4ea /usr/share/pok/libpok/libpok.a(arinc653.lo)
 .debug_abbrev  0x00000000000011cf      0x5e7 /usr/share/pok/libpok/libpok.a(libc.lo)
 .debug_abbrev  0x00000000000017b6      0x136 /usr/share/pok/libpok/libpok.a(arch.lo)
 .debug_abbrev  0x00000000000018ec      0x58e /usr/share/pok/libpok/libpok.a(middleware.lo)

.debug_loc      0x0000000000000000     0x13c4
 .debug_loc     0x0000000000000000       0x38 main.o
 .debug_loc     0x0000000000000038       0x2c activity.o
 .debug_loc     0x0000000000000064       0x2c subprograms.o
 .debug_loc     0x0000000000000090      0x150 /home/borde/Dev/develop/ramses/build_and_test/fr.tpt.aadl.ramses.junit.tests/tests/arinc653/common-components/user_code.o
 .debug_loc     0x00000000000001e0      0x230 /usr/share/pok/libpok/libpok.a(core.lo)
 .debug_loc     0x0000000000000410      0x6c6 /usr/share/pok/libpok/libpok.a(arinc653.lo)
 .debug_loc     0x0000000000000ad6      0x80e /usr/share/pok/libpok/libpok.a(libc.lo)
 .debug_loc     0x00000000000012e4       0x38 /usr/share/pok/libpok/libpok.a(arch.lo)
 .debug_loc     0x000000000000131c       0xa8 /usr/share/pok/libpok/libpok.a(middleware.lo)

.debug_aranges  0x0000000000000000      0x360
 .debug_aranges
                0x0000000000000000       0x20 main.o
 .debug_aranges
                0x0000000000000020       0x20 activity.o
 .debug_aranges
                0x0000000000000040       0x20 subprograms.o
 .debug_aranges
                0x0000000000000060       0x20 /home/borde/Dev/develop/ramses/build_and_test/fr.tpt.aadl.ramses.junit.tests/tests/arinc653/common-components/user_code.o
 .debug_aranges
                0x0000000000000080      0x140 /usr/share/pok/libpok/libpok.a(core.lo)
 .debug_aranges
                0x00000000000001c0       0xa0 /usr/share/pok/libpok/libpok.a(arinc653.lo)
 .debug_aranges
                0x0000000000000260       0x80 /usr/share/pok/libpok/libpok.a(libc.lo)
 .debug_aranges
                0x00000000000002e0       0x20 /usr/share/pok/libpok/libpok.a(arch.lo)
 .debug_aranges
                0x0000000000000300       0x60 /usr/share/pok/libpok/libpok.a(middleware.lo)

.debug_line     0x0000000000000000     0x1daf
 .debug_line    0x0000000000000000       0xa3 main.o
 .debug_line    0x00000000000000a3       0x70 activity.o
 .debug_line    0x0000000000000113      0x134 subprograms.o
 .debug_line    0x0000000000000247       0x1d gtypes.o
 .debug_line    0x0000000000000264       0x5f deployment.o
 .debug_line    0x00000000000002c3       0xfe /home/borde/Dev/develop/ramses/build_and_test/fr.tpt.aadl.ramses.junit.tests/tests/arinc653/common-components/user_code.o
 .debug_line    0x00000000000003c1      0x9e2 /usr/share/pok/libpok/libpok.a(core.lo)
 .debug_line    0x0000000000000da3      0x623 /usr/share/pok/libpok/libpok.a(arinc653.lo)
 .debug_line    0x00000000000013c6      0x3f8 /usr/share/pok/libpok/libpok.a(libc.lo)
 .debug_line    0x00000000000017be      0x111 /usr/share/pok/libpok/libpok.a(arch.lo)
 .debug_line    0x00000000000018cf      0x4e0 /usr/share/pok/libpok/libpok.a(middleware.lo)

.debug_str      0x0000000000000000     0x1ef9
 .debug_str     0x0000000000000000      0x2d0 main.o
                                        0x336 (size before relaxing)
 .debug_str     0x00000000000002d0       0x63 activity.o
                                        0x1ae (size before relaxing)
 .debug_str     0x0000000000000333      0x5e9 subprograms.o
                                        0x805 (size before relaxing)
 .debug_str     0x000000000000091c        0x9 gtypes.o
                                        0x128 (size before relaxing)
 .debug_str     0x0000000000000925        0xd deployment.o
                                        0x158 (size before relaxing)
 .debug_str     0x0000000000000932       0xc4 /home/borde/Dev/develop/ramses/build_and_test/fr.tpt.aadl.ramses.junit.tests/tests/arinc653/common-components/user_code.o
                                        0x15a (size before relaxing)
 .debug_str     0x00000000000009f6      0x980 /usr/share/pok/libpok/libpok.a(core.lo)
                                       0x4f8b (size before relaxing)
 .debug_str     0x0000000000001376      0x683 /usr/share/pok/libpok/libpok.a(arinc653.lo)
                                       0x2910 (size before relaxing)
 .debug_str     0x00000000000019f9      0x255 /usr/share/pok/libpok/libpok.a(libc.lo)
                                        0xeab (size before relaxing)
 .debug_str     0x0000000000001c4e       0x75 /usr/share/pok/libpok/libpok.a(arch.lo)
                                        0x89c (size before relaxing)
 .debug_str     0x0000000000001cc3      0x236 /usr/share/pok/libpok/libpok.a(middleware.lo)
                                       0x2620 (size before relaxing)

.comment        0x0000000000000000       0x2a
 .comment       0x0000000000000000       0x2a main.o
                                         0x2b (size before relaxing)
 .comment       0x0000000000000000       0x2b activity.o
 .comment       0x0000000000000000       0x2b subprograms.o
 .comment       0x0000000000000000       0x2b gtypes.o
 .comment       0x0000000000000000       0x2b deployment.o
 .comment       0x0000000000000000       0x2b /home/borde/Dev/develop/ramses/build_and_test/fr.tpt.aadl.ramses.junit.tests/tests/arinc653/common-components/user_code.o
 .comment       0x0000000000000000      0x5e1 /usr/share/pok/libpok/libpok.a(core.lo)
 .comment       0x0000000000000000      0x1d9 /usr/share/pok/libpok/libpok.a(arinc653.lo)
 .comment       0x0000000000000000      0x25a /usr/share/pok/libpok/libpok.a(libc.lo)
 .comment       0x0000000000000000       0xac /usr/share/pok/libpok/libpok.a(arch.lo)
 .comment       0x0000000000000000      0x408 /usr/share/pok/libpok/libpok.a(middleware.lo)

.note.GNU-stack
                0x0000000000000000        0x0
 .note.GNU-stack
                0x0000000000000000        0x0 main.o
 .note.GNU-stack
                0x0000000000000000        0x0 activity.o
 .note.GNU-stack
                0x0000000000000000        0x0 subprograms.o
 .note.GNU-stack
                0x0000000000000000        0x0 gtypes.o
 .note.GNU-stack
                0x0000000000000000        0x0 deployment.o
 .note.GNU-stack
                0x0000000000000000        0x0 /home/borde/Dev/develop/ramses/build_and_test/fr.tpt.aadl.ramses.junit.tests/tests/arinc653/common-components/user_code.o
 .note.GNU-stack
                0x0000000000000000        0x0 /usr/share/pok/libpok/libpok.a(core.lo)
 .note.GNU-stack
                0x0000000000000000        0x0 /usr/share/pok/libpok/libpok.a(arinc653.lo)
 .note.GNU-stack
                0x0000000000000000        0x0 /usr/share/pok/libpok/libpok.a(libc.lo)
 .note.GNU-stack
                0x0000000000000000        0x0 /usr/share/pok/libpok/libpok.a(arch.lo)
 .note.GNU-stack
                0x0000000000000000        0x0 /usr/share/pok/libpok/libpok.a(middleware.lo)

.debug_ranges   0x0000000000000000       0x30
 .debug_ranges  0x0000000000000000       0x30 /usr/share/pok/libpok/libpok.a(libc.lo)
