Archive member included because of file (symbol)

/usr/share/pok/libpok/libpok.a(arinc653.lo)
                              subprograms.o (PERIODIC_WAIT)
/usr/share/pok/libpok/libpok.a(libc.lo)
                              main.o (strcpy)
/usr/share/pok/libpok/libpok.a(arch.lo)
                              /usr/share/pok/libpok/libpok.a(arinc653.lo) (pok_do_syscall)
/usr/share/pok/libpok/libpok.a(core.lo)
                              /usr/share/pok/libpok/libpok.a(arinc653.lo) (pok_thread_resume)
/usr/share/pok/libpok/libpok.a(middleware.lo)
                              /usr/share/pok/libpok/libpok.a(arinc653.lo) (pok_port_queueing_create)

Allocating common symbols
Common symbol       size              file

errno               0x4               /usr/share/pok/libpok/libpok.a(core.lo)
arinc_threads       0x8               main.o
the_proc1_p_out_globalVariable
                    0x4               main.o
arinc_process_attribute
                    0x50              /usr/share/pok/libpok/libpok.a(arinc653.lo)

Memory Configuration

Name             Origin             Length             Attributes
*default*        0x0000000000000000 0xffffffffffffffff

Linker script and memory map

                0x0000000000000000                . = 0x0
                0x0000000000000000                __partition_begin = .

.text           0x0000000000000000     0x1738
 *(.text)
 .text          0x0000000000000000      0x10e main.o
                0x0000000000000000                __aadl_send_output
                0x0000000000000005                main
 *fill*         0x000000000000010e        0x2 00
 .text          0x0000000000000110       0x26 activity.o
                0x0000000000000110                test_network_rtl8029_remote_communications_refined_model__the_proc1_the_sender_impl_Job
 *fill*         0x0000000000000136        0xa 00
 .text          0x0000000000000140       0x9c subprograms.o
                0x0000000000000140                test_network_rtl8029_remote_communications_refined_model__the_proc1_the_sender_entrypoint_impl
 .text          0x00000000000001dc        0x0 gtypes.o
 .text          0x00000000000001dc        0x0 deployment.o
 .text          0x00000000000001dc       0xc9 /data/hudson/jobs/RAMSES_TEST/fr.tpt.aadl.ramses.junit.tests/tests/arinc653/common-components/user_code.o
                0x0000000000000212                send
                0x0000000000000260                receive
                0x00000000000001dc                periodic
 *fill*         0x00000000000002a5        0xb 00
 .text          0x00000000000002b0      0xae0 /usr/share/pok/libpok/libpok.a(arinc653.lo)
                0x0000000000000390                RESUME
                0x00000000000007f4                PERIODIC_WAIT
                0x00000000000004bf                STOP_SELF
                0x0000000000000511                SET_PRIORITY
                0x000000000000058d                GET_PROCESS_ID
                0x00000000000006ed                GET_PROCESS_STATUS
                0x000000000000041c                SUSPEND
                0x00000000000009d2                CREATE_QUEUING_PORT
                0x0000000000000989                SEND_QUEUING_MESSAGE
                0x0000000000000a80                SET_PARTITION_MODE
                0x000000000000092f                RECEIVE_QUEUING_MESSAGE
                0x0000000000000856                GET_QUEUING_PORT_STATUS
                0x0000000000000b8a                GET_PARTITION_STATUS
                0x0000000000000848                CLEAR_QUEUING_PORT
                0x00000000000007ab                GET_MY_ID
                0x00000000000002b0                STOP
                0x00000000000008d1                GET_QUEUING_PORT_ID
                0x000000000000081a                TIMED_WAIT
                0x0000000000000d30                process_name_exist
                0x0000000000000359                START
                0x00000000000002be                DELAYED_START
                0x00000000000005e1                CREATE_PROCESS
 .text          0x0000000000000d90      0x598 /usr/share/pok/libpok/libpok.a(libc.lo)
                0x00000000000012fc                strcpy
                0x0000000000001243                printf
                0x0000000000001270                memcpy
                0x00000000000010c0                vprintf
                0x00000000000012a0                strcmp
 .text          0x0000000000001328       0x24 /usr/share/pok/libpok/libpok.a(arch.lo)
                0x0000000000001328                pok_do_syscall
 .text          0x000000000000134c      0x2f9 /usr/share/pok/libpok/libpok.a(core.lo)
                0x00000000000013bc                pok_thread_attr_init
                0x00000000000015f4                pok_thread_resume
                0x0000000000001408                pok_thread_period
                0x000000000000136c                pok_thread_create
                0x00000000000014b0                pok_thread_status
                0x0000000000001500                pok_thread_delayed_start
                0x0000000000001550                pok_thread_id
                0x000000000000134c                __pok_partition_start
                0x000000000000145c                pok_thread_sleep
                0x00000000000015a4                pok_thread_set_priority
 *fill*         0x0000000000001645        0x3 00
 .text          0x0000000000001648       0xf0 /usr/share/pok/libpok/libpok.a(middleware.lo)
                0x0000000000001648                pok_port_queueing_create
                0x00000000000016e8                pok_port_queueing_send
                0x0000000000001698                pok_port_queueing_receive

.rodata         0x0000000000001740       0x7d
 *(.rodata)
 .rodata        0x0000000000001740       0x7d /usr/share/pok/libpok/libpok.a(libc.lo)

.rodata.str1.1  0x00000000000017bd       0x54
 .rodata.str1.1
                0x00000000000017bd       0x1b main.o
 .rodata.str1.1
                0x00000000000017d8       0x39 /data/hudson/jobs/RAMSES_TEST/fr.tpt.aadl.ramses.junit.tests/tests/arinc653/common-components/user_code.o

.eh_frame       0x0000000000001814      0x6a0
 .eh_frame      0x0000000000001814       0x60 main.o
 .eh_frame      0x0000000000001874       0x1c activity.o
                                         0x34 (size before relaxing)
 .eh_frame      0x0000000000001890       0x20 subprograms.o
                                         0x38 (size before relaxing)
 .eh_frame      0x00000000000018b0       0x54 /data/hudson/jobs/RAMSES_TEST/fr.tpt.aadl.ramses.junit.tests/tests/arinc653/common-components/user_code.o
                                         0x6c (size before relaxing)
 .eh_frame      0x0000000000001904      0x29c /usr/share/pok/libpok/libpok.a(arinc653.lo)
                                        0x314 (size before relaxing)
 .eh_frame      0x0000000000001ba0      0x188 /usr/share/pok/libpok/libpok.a(libc.lo)
                                        0x1e8 (size before relaxing)
 .eh_frame      0x0000000000001d28       0x20 /usr/share/pok/libpok/libpok.a(arch.lo)
                                         0x38 (size before relaxing)
 .eh_frame      0x0000000000001d48      0x118 /usr/share/pok/libpok/libpok.a(core.lo)
                                        0x208 (size before relaxing)
 .eh_frame      0x0000000000001e60       0x54 /usr/share/pok/libpok/libpok.a(middleware.lo)
                                         0x9c (size before relaxing)

.rel.dyn        0x0000000000001eb4        0x0
 .rel.text      0x0000000000000000        0x0 main.o

.data           0x0000000000001ec0      0x114
 *(.data)
 .data          0x0000000000001ec0        0x0 main.o
 .data          0x0000000000001ec0        0x0 activity.o
 .data          0x0000000000001ec0        0x0 subprograms.o
 .data          0x0000000000001ec0        0x0 gtypes.o
 .data          0x0000000000001ec0        0x0 deployment.o
 .data          0x0000000000001ec0        0x0 /data/hudson/jobs/RAMSES_TEST/fr.tpt.aadl.ramses.junit.tests/tests/arinc653/common-components/user_code.o
 .data          0x0000000000001ec0        0x0 /usr/share/pok/libpok/libpok.a(arinc653.lo)
 .data          0x0000000000001ec0        0x0 /usr/share/pok/libpok/libpok.a(libc.lo)
 .data          0x0000000000001ec0        0x0 /usr/share/pok/libpok/libpok.a(arch.lo)
 .data          0x0000000000001ec0        0x0 /usr/share/pok/libpok/libpok.a(core.lo)
 .data          0x0000000000001ec0        0x0 /usr/share/pok/libpok/libpok.a(middleware.lo)
 *(.bss)
 .bss           0x0000000000001ec0        0x0 main.o
 .bss           0x0000000000001ec0        0x0 activity.o
 .bss           0x0000000000001ec0        0x4 subprograms.o
                0x0000000000001ec0                the_proc1_the_sender_entrypoint_impl_current_state
 .bss           0x0000000000001ec4        0x0 gtypes.o
 .bss           0x0000000000001ec4        0x0 deployment.o
 .bss           0x0000000000001ec4        0x6 /data/hudson/jobs/RAMSES_TEST/fr.tpt.aadl.ramses.junit.tests/tests/arinc653/common-components/user_code.o
                0x0000000000001ec4                counter
                0x0000000000001ec8                value
 *fill*         0x0000000000001eca        0x2 00
 .bss           0x0000000000001ecc        0x0 /usr/share/pok/libpok/libpok.a(arinc653.lo)
 *fill*         0x0000000000001ecc       0x14 00
 .bss           0x0000000000001ee0       0x84 /usr/share/pok/libpok/libpok.a(libc.lo)
 .bss           0x0000000000001f64        0x0 /usr/share/pok/libpok/libpok.a(arch.lo)
 .bss           0x0000000000001f64        0x0 /usr/share/pok/libpok/libpok.a(core.lo)
 .bss           0x0000000000001f64        0x0 /usr/share/pok/libpok/libpok.a(middleware.lo)
 *(COMMON)
 COMMON         0x0000000000001f64        0xc main.o
                0x0000000000001f64                arinc_threads
                0x0000000000001f6c                the_proc1_p_out_globalVariable
 *fill*         0x0000000000001f70       0x10 00
 COMMON         0x0000000000001f80       0x50 /usr/share/pok/libpok/libpok.a(arinc653.lo)
                0x0000000000001f80                arinc_process_attribute
 COMMON         0x0000000000001fd0        0x4 /usr/share/pok/libpok/libpok.a(core.lo)
                0x0000000000001fd0                errno
                0x0000000000001fd4                __partition_end = .
LOAD main.o
LOAD activity.o
LOAD subprograms.o
LOAD gtypes.o
LOAD deployment.o
LOAD /data/hudson/jobs/RAMSES_TEST/fr.tpt.aadl.ramses.junit.tests/tests/arinc653/common-components/user_code.o
LOAD /usr/share/pok/libpok/libpok.a
OUTPUT(the_proc1.elf elf32-i386)

.debug_abbrev   0x0000000000000000     0x2242
 .debug_abbrev  0x0000000000000000      0x102 main.o
 .debug_abbrev  0x0000000000000102       0x6d activity.o
 .debug_abbrev  0x000000000000016f       0xc1 subprograms.o
 .debug_abbrev  0x0000000000000230       0x33 gtypes.o
 .debug_abbrev  0x0000000000000263       0x51 deployment.o
 .debug_abbrev  0x00000000000002b4       0x91 /data/hudson/jobs/RAMSES_TEST/fr.tpt.aadl.ramses.junit.tests/tests/arinc653/common-components/user_code.o
 .debug_abbrev  0x0000000000000345      0x574 /usr/share/pok/libpok/libpok.a(arinc653.lo)
 .debug_abbrev  0x00000000000008b9      0x667 /usr/share/pok/libpok/libpok.a(libc.lo)
 .debug_abbrev  0x0000000000000f20      0x165 /usr/share/pok/libpok/libpok.a(arch.lo)
 .debug_abbrev  0x0000000000001085      0xb2a /usr/share/pok/libpok/libpok.a(core.lo)
 .debug_abbrev  0x0000000000001baf      0x693 /usr/share/pok/libpok/libpok.a(middleware.lo)

.debug_info     0x0000000000000000     0x6d11
 .debug_info    0x0000000000000000      0x2e5 main.o
 .debug_info    0x00000000000002e5       0xa1 activity.o
 .debug_info    0x0000000000000386      0x1ac subprograms.o
 .debug_info    0x0000000000000532       0x6f gtypes.o
 .debug_info    0x00000000000005a1       0x8c deployment.o
 .debug_info    0x000000000000062d      0x102 /data/hudson/jobs/RAMSES_TEST/fr.tpt.aadl.ramses.junit.tests/tests/arinc653/common-components/user_code.o
 .debug_info    0x000000000000072f     0x1ae1 /usr/share/pok/libpok/libpok.a(arinc653.lo)
 .debug_info    0x0000000000002210      0xeb3 /usr/share/pok/libpok/libpok.a(libc.lo)
 .debug_info    0x00000000000030c3      0x43a /usr/share/pok/libpok/libpok.a(arch.lo)
 .debug_info    0x00000000000034fd     0x2536 /usr/share/pok/libpok/libpok.a(core.lo)
 .debug_info    0x0000000000005a33     0x12de /usr/share/pok/libpok/libpok.a(middleware.lo)

.debug_line     0x0000000000000000     0x1dc8
 .debug_line    0x0000000000000000       0xb0 main.o
 .debug_line    0x00000000000000b0       0x6d activity.o
 .debug_line    0x000000000000011d      0x123 subprograms.o
 .debug_line    0x0000000000000240       0x1d gtypes.o
 .debug_line    0x000000000000025d       0x5f deployment.o
 .debug_line    0x00000000000002bc       0xe3 /data/hudson/jobs/RAMSES_TEST/fr.tpt.aadl.ramses.junit.tests/tests/arinc653/common-components/user_code.o
 .debug_line    0x000000000000039f      0x667 /usr/share/pok/libpok/libpok.a(arinc653.lo)
 .debug_line    0x0000000000000a06      0x3fe /usr/share/pok/libpok/libpok.a(libc.lo)
 .debug_line    0x0000000000000e04      0x110 /usr/share/pok/libpok/libpok.a(arch.lo)
 .debug_line    0x0000000000000f14      0x9d7 /usr/share/pok/libpok/libpok.a(core.lo)
 .debug_line    0x00000000000018eb      0x4dd /usr/share/pok/libpok/libpok.a(middleware.lo)

.debug_loc      0x0000000000000000     0x116d
 .debug_loc     0x0000000000000000       0x29 main.o
 .debug_loc     0x0000000000000029       0x14 activity.o
 .debug_loc     0x000000000000003d       0x33 subprograms.o
 .debug_loc     0x0000000000000070       0x86 /data/hudson/jobs/RAMSES_TEST/fr.tpt.aadl.ramses.junit.tests/tests/arinc653/common-components/user_code.o
 .debug_loc     0x00000000000000f6      0x8e0 /usr/share/pok/libpok/libpok.a(arinc653.lo)
 .debug_loc     0x00000000000009d6      0x5d1 /usr/share/pok/libpok/libpok.a(libc.lo)
 .debug_loc     0x0000000000000fa7       0x27 /usr/share/pok/libpok/libpok.a(arch.lo)
 .debug_loc     0x0000000000000fce       0xe7 /usr/share/pok/libpok/libpok.a(core.lo)
 .debug_loc     0x00000000000010b5       0xb8 /usr/share/pok/libpok/libpok.a(middleware.lo)

.debug_pubnames
                0x0000000000000000      0x724
 .debug_pubnames
                0x0000000000000000       0x67 main.o
 .debug_pubnames
                0x0000000000000067       0x6e activity.o
 .debug_pubnames
                0x00000000000000d5       0xac subprograms.o
 .debug_pubnames
                0x0000000000000181       0x35 deployment.o
 .debug_pubnames
                0x00000000000001b6       0x4a /data/hudson/jobs/RAMSES_TEST/fr.tpt.aadl.ramses.junit.tests/tests/arinc653/common-components/user_code.o
 .debug_pubnames
                0x0000000000000200      0x238 /usr/share/pok/libpok/libpok.a(arinc653.lo)
 .debug_pubnames
                0x0000000000000438       0x80 /usr/share/pok/libpok/libpok.a(libc.lo)
 .debug_pubnames
                0x00000000000004b8       0x25 /usr/share/pok/libpok/libpok.a(arch.lo)
 .debug_pubnames
                0x00000000000004dd      0x1bb /usr/share/pok/libpok/libpok.a(core.lo)
 .debug_pubnames
                0x0000000000000698       0x8c /usr/share/pok/libpok/libpok.a(middleware.lo)

.debug_aranges  0x0000000000000000      0x360
 .debug_aranges
                0x0000000000000000       0x20 main.o
 .debug_aranges
                0x0000000000000020       0x20 activity.o
 .debug_aranges
                0x0000000000000040       0x20 subprograms.o
 .debug_aranges
                0x0000000000000060       0x20 /data/hudson/jobs/RAMSES_TEST/fr.tpt.aadl.ramses.junit.tests/tests/arinc653/common-components/user_code.o
 .debug_aranges
                0x0000000000000080       0xa0 /usr/share/pok/libpok/libpok.a(arinc653.lo)
 .debug_aranges
                0x0000000000000120       0x80 /usr/share/pok/libpok/libpok.a(libc.lo)
 .debug_aranges
                0x00000000000001a0       0x20 /usr/share/pok/libpok/libpok.a(arch.lo)
 .debug_aranges
                0x00000000000001c0      0x140 /usr/share/pok/libpok/libpok.a(core.lo)
 .debug_aranges
                0x0000000000000300       0x60 /usr/share/pok/libpok/libpok.a(middleware.lo)

.debug_str      0x0000000000000000     0x1edf
 .debug_str     0x0000000000000000      0x302 main.o
                                        0x368 (size before relaxing)
 .debug_str     0x0000000000000302       0x63 activity.o
                                        0x19e (size before relaxing)
 .debug_str     0x0000000000000365      0x5d7 subprograms.o
                                        0x7f5 (size before relaxing)
 .debug_str     0x000000000000093c        0x9 gtypes.o
                                        0x118 (size before relaxing)
 .debug_str     0x0000000000000945        0xd deployment.o
                                        0x148 (size before relaxing)
 .debug_str     0x0000000000000952       0x83 /data/hudson/jobs/RAMSES_TEST/fr.tpt.aadl.ramses.junit.tests/tests/arinc653/common-components/user_code.o
                                        0x11f (size before relaxing)
 .debug_str     0x00000000000009d5      0xd12 /usr/share/pok/libpok/libpok.a(arinc653.lo)
                                       0x28d7 (size before relaxing)
 .debug_str     0x00000000000016e7      0x25c /usr/share/pok/libpok/libpok.a(libc.lo)
                                        0xe98 (size before relaxing)
 .debug_str     0x0000000000001943       0x88 /usr/share/pok/libpok/libpok.a(arch.lo)
                                        0x89c (size before relaxing)
 .debug_str     0x00000000000019cb      0x2de /usr/share/pok/libpok/libpok.a(core.lo)
                                       0x4ef3 (size before relaxing)
 .debug_str     0x0000000000001ca9      0x236 /usr/share/pok/libpok/libpok.a(middleware.lo)
                                       0x25e7 (size before relaxing)

.comment        0x0000000000000000      0x69c
 .comment       0x0000000000000000       0x12 main.o
 .comment       0x0000000000000012       0x12 activity.o
 .comment       0x0000000000000024       0x12 subprograms.o
 .comment       0x0000000000000036       0x12 gtypes.o
 .comment       0x0000000000000048       0x12 deployment.o
 .comment       0x000000000000005a       0x12 /data/hudson/jobs/RAMSES_TEST/fr.tpt.aadl.ramses.junit.tests/tests/arinc653/common-components/user_code.o
 .comment       0x000000000000006c       0xc6 /usr/share/pok/libpok/libpok.a(arinc653.lo)
 .comment       0x0000000000000132       0xfc /usr/share/pok/libpok/libpok.a(libc.lo)
 .comment       0x000000000000022e       0x48 /usr/share/pok/libpok/libpok.a(arch.lo)
 .comment       0x0000000000000276      0x276 /usr/share/pok/libpok/libpok.a(core.lo)
 .comment       0x00000000000004ec      0x1b0 /usr/share/pok/libpok/libpok.a(middleware.lo)

.note.GNU-stack
                0x0000000000000000        0x0
 .note.GNU-stack
                0x0000000000000000        0x0 main.o
 .note.GNU-stack
                0x0000000000000000        0x0 activity.o
 .note.GNU-stack
                0x0000000000000000        0x0 subprograms.o
 .note.GNU-stack
                0x0000000000000000        0x0 gtypes.o
 .note.GNU-stack
                0x0000000000000000        0x0 deployment.o
 .note.GNU-stack
                0x0000000000000000        0x0 /data/hudson/jobs/RAMSES_TEST/fr.tpt.aadl.ramses.junit.tests/tests/arinc653/common-components/user_code.o
 .note.GNU-stack
                0x0000000000000000        0x0 /usr/share/pok/libpok/libpok.a(arinc653.lo)
 .note.GNU-stack
                0x0000000000000000        0x0 /usr/share/pok/libpok/libpok.a(libc.lo)
 .note.GNU-stack
                0x0000000000000000        0x0 /usr/share/pok/libpok/libpok.a(arch.lo)
 .note.GNU-stack
                0x0000000000000000        0x0 /usr/share/pok/libpok/libpok.a(core.lo)
 .note.GNU-stack
                0x0000000000000000        0x0 /usr/share/pok/libpok/libpok.a(middleware.lo)

.debug_ranges   0x0000000000000000       0x30
 .debug_ranges  0x0000000000000000       0x30 /usr/share/pok/libpok/libpok.a(libc.lo)
