Archive member included because of file (symbol)

/usr/share/pok/libpok/libpok.a(arinc653.lo)
                              subprograms.o (PERIODIC_WAIT)
/usr/share/pok/libpok/libpok.a(libc.lo)
                              main.o (strcpy)
/usr/share/pok/libpok/libpok.a(arch.lo)
                              /usr/share/pok/libpok/libpok.a(arinc653.lo) (pok_do_syscall)
/usr/share/pok/libpok/libpok.a(core.lo)
                              /usr/share/pok/libpok/libpok.a(arinc653.lo) (pok_thread_resume)
/usr/share/pok/libpok/libpok.a(middleware.lo)
                              /usr/share/pok/libpok/libpok.a(arinc653.lo) (pok_port_queueing_create)

Allocating common symbols
Common symbol       size              file

errno               0x4               /usr/share/pok/libpok/libpok.a(core.lo)
arinc_threads       0x8               main.o
arinc_process_attribute
                    0x50              /usr/share/pok/libpok/libpok.a(arinc653.lo)
the_proc2_p_inglobalVariable
                    0x4               main.o

Memory Configuration

Name             Origin             Length             Attributes
*default*        0x0000000000000000 0xffffffffffffffff

Linker script and memory map

                0x0000000000000000                . = 0x0
                0x0000000000000000                __partition_begin = .

.text           0x0000000000000000     0x1748
 *(.text)
 .text          0x0000000000000000      0x10e main.o
                0x0000000000000000                __aadl_send_output
                0x0000000000000005                main
 *fill*         0x000000000000010e        0x2 00
 .text          0x0000000000000110       0x21 activity.o
                0x0000000000000110                test_network_rtl8029_remote_communications_refined_model__the_proc2_the_receiver_impl_Job
 *fill*         0x0000000000000131        0xf 00
 .text          0x0000000000000140       0xbd subprograms.o
                0x0000000000000140                test_network_rtl8029_remote_communications_refined_model__the_proc2_the_receiver_entrypoint_impl
 *fill*         0x00000000000001fd        0x3 00
 .text          0x0000000000000200        0x0 gtypes.o
 .text          0x0000000000000200        0x0 deployment.o
 .text          0x0000000000000200       0xb9 /data/hudson/jobs/RAMSES_TEST/fr.tpt.aadl.ramses.junit.tests/tests/arinc653/common-components/user_code.o
                0x0000000000000236                send
                0x0000000000000284                receive
                0x0000000000000200                periodic
 *fill*         0x00000000000002b9        0x7 00
 .text          0x00000000000002c0      0xae0 /usr/share/pok/libpok/libpok.a(arinc653.lo)
                0x00000000000003a0                RESUME
                0x0000000000000804                PERIODIC_WAIT
                0x00000000000004cf                STOP_SELF
                0x0000000000000521                SET_PRIORITY
                0x000000000000059d                GET_PROCESS_ID
                0x00000000000006fd                GET_PROCESS_STATUS
                0x000000000000042c                SUSPEND
                0x00000000000009e2                CREATE_QUEUING_PORT
                0x0000000000000999                SEND_QUEUING_MESSAGE
                0x0000000000000a90                SET_PARTITION_MODE
                0x000000000000093f                RECEIVE_QUEUING_MESSAGE
                0x0000000000000866                GET_QUEUING_PORT_STATUS
                0x0000000000000b9a                GET_PARTITION_STATUS
                0x0000000000000858                CLEAR_QUEUING_PORT
                0x00000000000007bb                GET_MY_ID
                0x00000000000002c0                STOP
                0x00000000000008e1                GET_QUEUING_PORT_ID
                0x000000000000082a                TIMED_WAIT
                0x0000000000000d40                process_name_exist
                0x0000000000000369                START
                0x00000000000002ce                DELAYED_START
                0x00000000000005f1                CREATE_PROCESS
 .text          0x0000000000000da0      0x598 /usr/share/pok/libpok/libpok.a(libc.lo)
                0x000000000000130c                strcpy
                0x0000000000001253                printf
                0x0000000000001280                memcpy
                0x00000000000010d0                vprintf
                0x00000000000012b0                strcmp
 .text          0x0000000000001338       0x24 /usr/share/pok/libpok/libpok.a(arch.lo)
                0x0000000000001338                pok_do_syscall
 .text          0x000000000000135c      0x2f9 /usr/share/pok/libpok/libpok.a(core.lo)
                0x00000000000013cc                pok_thread_attr_init
                0x0000000000001604                pok_thread_resume
                0x0000000000001418                pok_thread_period
                0x000000000000137c                pok_thread_create
                0x00000000000014c0                pok_thread_status
                0x0000000000001510                pok_thread_delayed_start
                0x0000000000001560                pok_thread_id
                0x000000000000135c                __pok_partition_start
                0x000000000000146c                pok_thread_sleep
                0x00000000000015b4                pok_thread_set_priority
 *fill*         0x0000000000001655        0x3 00
 .text          0x0000000000001658       0xf0 /usr/share/pok/libpok/libpok.a(middleware.lo)
                0x0000000000001658                pok_port_queueing_create
                0x00000000000016f8                pok_port_queueing_send
                0x00000000000016a8                pok_port_queueing_receive

.rodata         0x0000000000001760       0x7d
 *(.rodata)
 .rodata        0x0000000000001760       0x7d /usr/share/pok/libpok/libpok.a(libc.lo)

.rodata.str1.1  0x00000000000017dd       0x55
 .rodata.str1.1
                0x00000000000017dd       0x1c main.o
 .rodata.str1.1
                0x00000000000017f9       0x39 /data/hudson/jobs/RAMSES_TEST/fr.tpt.aadl.ramses.junit.tests/tests/arinc653/common-components/user_code.o

.eh_frame       0x0000000000001834      0x6a0
 .eh_frame      0x0000000000001834       0x60 main.o
 .eh_frame      0x0000000000001894       0x1c activity.o
                                         0x34 (size before relaxing)
 .eh_frame      0x00000000000018b0       0x20 subprograms.o
                                         0x38 (size before relaxing)
 .eh_frame      0x00000000000018d0       0x54 /data/hudson/jobs/RAMSES_TEST/fr.tpt.aadl.ramses.junit.tests/tests/arinc653/common-components/user_code.o
                                         0x6c (size before relaxing)
 .eh_frame      0x0000000000001924      0x29c /usr/share/pok/libpok/libpok.a(arinc653.lo)
                                        0x314 (size before relaxing)
 .eh_frame      0x0000000000001bc0      0x188 /usr/share/pok/libpok/libpok.a(libc.lo)
                                        0x1e8 (size before relaxing)
 .eh_frame      0x0000000000001d48       0x20 /usr/share/pok/libpok/libpok.a(arch.lo)
                                         0x38 (size before relaxing)
 .eh_frame      0x0000000000001d68      0x118 /usr/share/pok/libpok/libpok.a(core.lo)
                                        0x208 (size before relaxing)
 .eh_frame      0x0000000000001e80       0x54 /usr/share/pok/libpok/libpok.a(middleware.lo)
                                         0x9c (size before relaxing)

.rel.dyn        0x0000000000001ed4        0x0
 .rel.text      0x0000000000000000        0x0 main.o

.data           0x0000000000001ee0      0x114
 *(.data)
 .data          0x0000000000001ee0        0x0 main.o
 .data          0x0000000000001ee0        0x0 activity.o
 .data          0x0000000000001ee0        0x0 subprograms.o
 .data          0x0000000000001ee0        0x0 gtypes.o
 .data          0x0000000000001ee0        0x0 deployment.o
 .data          0x0000000000001ee0        0x0 /data/hudson/jobs/RAMSES_TEST/fr.tpt.aadl.ramses.junit.tests/tests/arinc653/common-components/user_code.o
 .data          0x0000000000001ee0        0x0 /usr/share/pok/libpok/libpok.a(arinc653.lo)
 .data          0x0000000000001ee0        0x0 /usr/share/pok/libpok/libpok.a(libc.lo)
 .data          0x0000000000001ee0        0x0 /usr/share/pok/libpok/libpok.a(arch.lo)
 .data          0x0000000000001ee0        0x0 /usr/share/pok/libpok/libpok.a(core.lo)
 .data          0x0000000000001ee0        0x0 /usr/share/pok/libpok/libpok.a(middleware.lo)
 *(.bss)
 .bss           0x0000000000001ee0        0x0 main.o
 .bss           0x0000000000001ee0        0x0 activity.o
 .bss           0x0000000000001ee0        0x4 subprograms.o
                0x0000000000001ee0                the_proc2_the_receiver_entrypoint_impl_current_state
 .bss           0x0000000000001ee4        0x0 gtypes.o
 .bss           0x0000000000001ee4        0x0 deployment.o
 .bss           0x0000000000001ee4        0x2 /data/hudson/jobs/RAMSES_TEST/fr.tpt.aadl.ramses.junit.tests/tests/arinc653/common-components/user_code.o
                0x0000000000001ee4                value
 *fill*         0x0000000000001ee6        0x2 00
 .bss           0x0000000000001ee8        0x0 /usr/share/pok/libpok/libpok.a(arinc653.lo)
 *fill*         0x0000000000001ee8       0x18 00
 .bss           0x0000000000001f00       0x84 /usr/share/pok/libpok/libpok.a(libc.lo)
 .bss           0x0000000000001f84        0x0 /usr/share/pok/libpok/libpok.a(arch.lo)
 .bss           0x0000000000001f84        0x0 /usr/share/pok/libpok/libpok.a(core.lo)
 .bss           0x0000000000001f84        0x0 /usr/share/pok/libpok/libpok.a(middleware.lo)
 *(COMMON)
 COMMON         0x0000000000001f84        0xc main.o
                0x0000000000001f84                arinc_threads
                0x0000000000001f8c                the_proc2_p_inglobalVariable
 *fill*         0x0000000000001f90       0x10 00
 COMMON         0x0000000000001fa0       0x50 /usr/share/pok/libpok/libpok.a(arinc653.lo)
                0x0000000000001fa0                arinc_process_attribute
 COMMON         0x0000000000001ff0        0x4 /usr/share/pok/libpok/libpok.a(core.lo)
                0x0000000000001ff0                errno
                0x0000000000001ff4                __partition_end = .
LOAD main.o
LOAD activity.o
LOAD subprograms.o
LOAD gtypes.o
LOAD deployment.o
LOAD /data/hudson/jobs/RAMSES_TEST/fr.tpt.aadl.ramses.junit.tests/tests/arinc653/common-components/user_code.o
LOAD /usr/share/pok/libpok/libpok.a
OUTPUT(the_proc2.elf elf32-i386)

.debug_abbrev   0x0000000000000000     0x2242
 .debug_abbrev  0x0000000000000000      0x102 main.o
 .debug_abbrev  0x0000000000000102       0x6d activity.o
 .debug_abbrev  0x000000000000016f       0xc1 subprograms.o
 .debug_abbrev  0x0000000000000230       0x33 gtypes.o
 .debug_abbrev  0x0000000000000263       0x51 deployment.o
 .debug_abbrev  0x00000000000002b4       0x91 /data/hudson/jobs/RAMSES_TEST/fr.tpt.aadl.ramses.junit.tests/tests/arinc653/common-components/user_code.o
 .debug_abbrev  0x0000000000000345      0x574 /usr/share/pok/libpok/libpok.a(arinc653.lo)
 .debug_abbrev  0x00000000000008b9      0x667 /usr/share/pok/libpok/libpok.a(libc.lo)
 .debug_abbrev  0x0000000000000f20      0x165 /usr/share/pok/libpok/libpok.a(arch.lo)
 .debug_abbrev  0x0000000000001085      0xb2a /usr/share/pok/libpok/libpok.a(core.lo)
 .debug_abbrev  0x0000000000001baf      0x693 /usr/share/pok/libpok/libpok.a(middleware.lo)

.debug_info     0x0000000000000000     0x6d15
 .debug_info    0x0000000000000000      0x2e5 main.o
 .debug_info    0x00000000000002e5       0xa1 activity.o
 .debug_info    0x0000000000000386      0x1c2 subprograms.o
 .debug_info    0x0000000000000548       0x6f gtypes.o
 .debug_info    0x00000000000005b7       0x8c deployment.o
 .debug_info    0x0000000000000643       0xf0 /data/hudson/jobs/RAMSES_TEST/fr.tpt.aadl.ramses.junit.tests/tests/arinc653/common-components/user_code.o
 .debug_info    0x0000000000000733     0x1ae1 /usr/share/pok/libpok/libpok.a(arinc653.lo)
 .debug_info    0x0000000000002214      0xeb3 /usr/share/pok/libpok/libpok.a(libc.lo)
 .debug_info    0x00000000000030c7      0x43a /usr/share/pok/libpok/libpok.a(arch.lo)
 .debug_info    0x0000000000003501     0x2536 /usr/share/pok/libpok/libpok.a(core.lo)
 .debug_info    0x0000000000005a37     0x12de /usr/share/pok/libpok/libpok.a(middleware.lo)

.debug_line     0x0000000000000000     0x1dca
 .debug_line    0x0000000000000000       0xb0 main.o
 .debug_line    0x00000000000000b0       0x6b activity.o
 .debug_line    0x000000000000011b      0x129 subprograms.o
 .debug_line    0x0000000000000244       0x1d gtypes.o
 .debug_line    0x0000000000000261       0x5f deployment.o
 .debug_line    0x00000000000002c0       0xe1 /data/hudson/jobs/RAMSES_TEST/fr.tpt.aadl.ramses.junit.tests/tests/arinc653/common-components/user_code.o
 .debug_line    0x00000000000003a1      0x667 /usr/share/pok/libpok/libpok.a(arinc653.lo)
 .debug_line    0x0000000000000a08      0x3fe /usr/share/pok/libpok/libpok.a(libc.lo)
 .debug_line    0x0000000000000e06      0x110 /usr/share/pok/libpok/libpok.a(arch.lo)
 .debug_line    0x0000000000000f16      0x9d7 /usr/share/pok/libpok/libpok.a(core.lo)
 .debug_line    0x00000000000018ed      0x4dd /usr/share/pok/libpok/libpok.a(middleware.lo)

.debug_loc      0x0000000000000000     0x116d
 .debug_loc     0x0000000000000000       0x29 main.o
 .debug_loc     0x0000000000000029       0x14 activity.o
 .debug_loc     0x000000000000003d       0x33 subprograms.o
 .debug_loc     0x0000000000000070       0x86 /data/hudson/jobs/RAMSES_TEST/fr.tpt.aadl.ramses.junit.tests/tests/arinc653/common-components/user_code.o
 .debug_loc     0x00000000000000f6      0x8e0 /usr/share/pok/libpok/libpok.a(arinc653.lo)
 .debug_loc     0x00000000000009d6      0x5d1 /usr/share/pok/libpok/libpok.a(libc.lo)
 .debug_loc     0x0000000000000fa7       0x27 /usr/share/pok/libpok/libpok.a(arch.lo)
 .debug_loc     0x0000000000000fce       0xe7 /usr/share/pok/libpok/libpok.a(core.lo)
 .debug_loc     0x00000000000010b5       0xb8 /usr/share/pok/libpok/libpok.a(middleware.lo)

.debug_pubnames
                0x0000000000000000      0x71a
 .debug_pubnames
                0x0000000000000000       0x65 main.o
 .debug_pubnames
                0x0000000000000065       0x70 activity.o
 .debug_pubnames
                0x00000000000000d5       0xb0 subprograms.o
 .debug_pubnames
                0x0000000000000185       0x33 deployment.o
 .debug_pubnames
                0x00000000000001b8       0x3e /data/hudson/jobs/RAMSES_TEST/fr.tpt.aadl.ramses.junit.tests/tests/arinc653/common-components/user_code.o
 .debug_pubnames
                0x00000000000001f6      0x238 /usr/share/pok/libpok/libpok.a(arinc653.lo)
 .debug_pubnames
                0x000000000000042e       0x80 /usr/share/pok/libpok/libpok.a(libc.lo)
 .debug_pubnames
                0x00000000000004ae       0x25 /usr/share/pok/libpok/libpok.a(arch.lo)
 .debug_pubnames
                0x00000000000004d3      0x1bb /usr/share/pok/libpok/libpok.a(core.lo)
 .debug_pubnames
                0x000000000000068e       0x8c /usr/share/pok/libpok/libpok.a(middleware.lo)

.debug_aranges  0x0000000000000000      0x360
 .debug_aranges
                0x0000000000000000       0x20 main.o
 .debug_aranges
                0x0000000000000020       0x20 activity.o
 .debug_aranges
                0x0000000000000040       0x20 subprograms.o
 .debug_aranges
                0x0000000000000060       0x20 /data/hudson/jobs/RAMSES_TEST/fr.tpt.aadl.ramses.junit.tests/tests/arinc653/common-components/user_code.o
 .debug_aranges
                0x0000000000000080       0xa0 /usr/share/pok/libpok/libpok.a(arinc653.lo)
 .debug_aranges
                0x0000000000000120       0x80 /usr/share/pok/libpok/libpok.a(libc.lo)
 .debug_aranges
                0x00000000000001a0       0x20 /usr/share/pok/libpok/libpok.a(arch.lo)
 .debug_aranges
                0x00000000000001c0      0x140 /usr/share/pok/libpok/libpok.a(core.lo)
 .debug_aranges
                0x0000000000000300       0x60 /usr/share/pok/libpok/libpok.a(middleware.lo)

.debug_str      0x0000000000000000     0x1fc4
 .debug_str     0x0000000000000000      0x300 main.o
                                        0x366 (size before relaxing)
 .debug_str     0x0000000000000300       0x65 activity.o
                                        0x19e (size before relaxing)
 .debug_str     0x0000000000000365      0x6c4 subprograms.o
                                        0x8e9 (size before relaxing)
 .debug_str     0x0000000000000a29        0x9 gtypes.o
                                        0x118 (size before relaxing)
 .debug_str     0x0000000000000a32        0xd deployment.o
                                        0x146 (size before relaxing)
 .debug_str     0x0000000000000a3f       0x7b /data/hudson/jobs/RAMSES_TEST/fr.tpt.aadl.ramses.junit.tests/tests/arinc653/common-components/user_code.o
                                        0x117 (size before relaxing)
 .debug_str     0x0000000000000aba      0xd12 /usr/share/pok/libpok/libpok.a(arinc653.lo)
                                       0x28d7 (size before relaxing)
 .debug_str     0x00000000000017cc      0x25c /usr/share/pok/libpok/libpok.a(libc.lo)
                                        0xe98 (size before relaxing)
 .debug_str     0x0000000000001a28       0x88 /usr/share/pok/libpok/libpok.a(arch.lo)
                                        0x89c (size before relaxing)
 .debug_str     0x0000000000001ab0      0x2de /usr/share/pok/libpok/libpok.a(core.lo)
                                       0x4ef3 (size before relaxing)
 .debug_str     0x0000000000001d8e      0x236 /usr/share/pok/libpok/libpok.a(middleware.lo)
                                       0x25e7 (size before relaxing)

.comment        0x0000000000000000      0x69c
 .comment       0x0000000000000000       0x12 main.o
 .comment       0x0000000000000012       0x12 activity.o
 .comment       0x0000000000000024       0x12 subprograms.o
 .comment       0x0000000000000036       0x12 gtypes.o
 .comment       0x0000000000000048       0x12 deployment.o
 .comment       0x000000000000005a       0x12 /data/hudson/jobs/RAMSES_TEST/fr.tpt.aadl.ramses.junit.tests/tests/arinc653/common-components/user_code.o
 .comment       0x000000000000006c       0xc6 /usr/share/pok/libpok/libpok.a(arinc653.lo)
 .comment       0x0000000000000132       0xfc /usr/share/pok/libpok/libpok.a(libc.lo)
 .comment       0x000000000000022e       0x48 /usr/share/pok/libpok/libpok.a(arch.lo)
 .comment       0x0000000000000276      0x276 /usr/share/pok/libpok/libpok.a(core.lo)
 .comment       0x00000000000004ec      0x1b0 /usr/share/pok/libpok/libpok.a(middleware.lo)

.note.GNU-stack
                0x0000000000000000        0x0
 .note.GNU-stack
                0x0000000000000000        0x0 main.o
 .note.GNU-stack
                0x0000000000000000        0x0 activity.o
 .note.GNU-stack
                0x0000000000000000        0x0 subprograms.o
 .note.GNU-stack
                0x0000000000000000        0x0 gtypes.o
 .note.GNU-stack
                0x0000000000000000        0x0 deployment.o
 .note.GNU-stack
                0x0000000000000000        0x0 /data/hudson/jobs/RAMSES_TEST/fr.tpt.aadl.ramses.junit.tests/tests/arinc653/common-components/user_code.o
 .note.GNU-stack
                0x0000000000000000        0x0 /usr/share/pok/libpok/libpok.a(arinc653.lo)
 .note.GNU-stack
                0x0000000000000000        0x0 /usr/share/pok/libpok/libpok.a(libc.lo)
 .note.GNU-stack
                0x0000000000000000        0x0 /usr/share/pok/libpok/libpok.a(arch.lo)
 .note.GNU-stack
                0x0000000000000000        0x0 /usr/share/pok/libpok/libpok.a(core.lo)
 .note.GNU-stack
                0x0000000000000000        0x0 /usr/share/pok/libpok/libpok.a(middleware.lo)

.debug_ranges   0x0000000000000000       0x30
 .debug_ranges  0x0000000000000000       0x30 /usr/share/pok/libpok/libpok.a(libc.lo)
