Archive member included because of file (symbol)

/usr/share/pok/libpok/libpok.a(core.lo)
                              (__pok_partition_start)
/usr/share/pok/libpok/libpok.a(arinc653.lo)
                              subprograms.o (PERIODIC_WAIT)
/usr/share/pok/libpok/libpok.a(libc.lo)
                              main.o (strcpy)
/usr/share/pok/libpok/libpok.a(arch.lo)
                              /usr/share/pok/libpok/libpok.a(core.lo) (pok_do_syscall)
/usr/share/pok/libpok/libpok.a(middleware.lo)
                              /usr/share/pok/libpok/libpok.a(arinc653.lo) (pok_port_queueing_create)

Allocating common symbols
Common symbol       size              file

errno               0x4               /usr/share/pok/libpok/libpok.a(core.lo)
arinc_threads       0x8               main.o
arinc_process_attribute
                    0x50              /usr/share/pok/libpok/libpok.a(arinc653.lo)
the_proc2_p_inglobalVariable
                    0x4               main.o

Memory Configuration

Name             Origin             Length             Attributes
*default*        0x0000000000000000 0xffffffffffffffff

Linker script and memory map

                0x0000000000000000                . = 0x0
                0x0000000000000000                __partition_begin = .

.text           0x0000000000000000     0x1798
 *(.text)
 .text          0x0000000000000000       0xe7 main.o
                0x0000000000000000                main
 *fill*         0x00000000000000e7        0x1 00
 .text          0x00000000000000e8       0x23 activity.o
                0x00000000000000e8                test_network_rtl8029_remote_communications_refined_model__the_proc2_the_receiver_impl_Job
 *fill*         0x000000000000010b        0x5 00
 .text          0x0000000000000110       0xaf subprograms.o
                0x0000000000000110                test_network_rtl8029_remote_communications_refined_model__the_proc2_the_receiver_entrypoint_impl
 *fill*         0x00000000000001bf        0x1 00
 .text          0x00000000000001c0        0x0 gtypes.o
 .text          0x00000000000001c0        0x0 deployment.o
 .text          0x00000000000001c0      0x15d /home/borde/Dev/develop/ramses/build_and_test/fr.tpt.aadl.ramses.junit.tests/tests/arinc653/common-components/user_code.o
                0x00000000000001c0                receive
                0x00000000000001f7                send
                0x0000000000000242                event_received
                0x0000000000000284                nothing_received
                0x00000000000002b7                send_event
                0x00000000000002ea                periodic
 *fill*         0x000000000000031d        0x3 00
 .text          0x0000000000000320      0x31f /usr/share/pok/libpok/libpok.a(core.lo)
                0x0000000000000320                __pok_partition_start
                0x0000000000000344                pok_thread_create
                0x0000000000000398                pok_thread_attr_init
                0x00000000000003f4                pok_thread_period
                0x0000000000000448                pok_thread_sleep
                0x000000000000049c                pok_thread_status
                0x00000000000004f0                pok_thread_delayed_start
                0x0000000000000544                pok_thread_id
                0x0000000000000598                pok_thread_set_priority
                0x00000000000005ec                pok_thread_resume
 *fill*         0x000000000000063f        0x1 00
 .text          0x0000000000000640      0xa91 /usr/share/pok/libpok/libpok.a(arinc653.lo)
                0x0000000000000640                GET_PROCESS_ID
                0x000000000000068c                GET_MY_ID
                0x00000000000006ce                GET_PROCESS_STATUS
                0x0000000000000790                CREATE_PROCESS
                0x000000000000089d                STOP_SELF
                0x00000000000008f1                SET_PRIORITY
                0x0000000000000966                SUSPEND
                0x0000000000000a06                RESUME
                0x0000000000000a81                STOP
                0x0000000000000aa1                DELAYED_START
                0x0000000000000b31                START
                0x0000000000000b6c                TIMED_WAIT
                0x0000000000000b9a                PERIODIC_WAIT
                0x0000000000000bbc                CREATE_QUEUING_PORT
                0x0000000000000c4d                SEND_QUEUING_MESSAGE
                0x0000000000000c91                RECEIVE_QUEUING_MESSAGE
                0x0000000000000ce8                GET_QUEUING_PORT_ID
                0x0000000000000d41                GET_QUEUING_PORT_STATUS
                0x0000000000000dba                CLEAR_QUEUING_PORT
                0x0000000000000de0                GET_PARTITION_STATUS
                0x0000000000000f85                SET_PARTITION_MODE
                0x000000000000107c                process_name_exist
 *fill*         0x00000000000010d1        0xf 00
 .text          0x00000000000010e0      0x598 /usr/share/pok/libpok/libpok.a(libc.lo)
                0x0000000000001410                vprintf
                0x000000000000156b                printf
                0x00000000000015a0                memcpy
                0x00000000000015e0                strcmp
                0x0000000000001638                strcpy
 .text          0x0000000000001678       0x25 /usr/share/pok/libpok/libpok.a(arch.lo)
                0x0000000000001678                pok_do_syscall
 *fill*         0x000000000000169d        0x3 00
 .text          0x00000000000016a0       0xf8 /usr/share/pok/libpok/libpok.a(middleware.lo)
                0x00000000000016a0                pok_port_queueing_create
                0x00000000000016f4                pok_port_queueing_receive
                0x0000000000001744                pok_port_queueing_send

.iplt           0x00000000000017a0        0x0
 .iplt          0x0000000000000000        0x0 main.o

.rodata         0x00000000000017a0       0x7d
 *(.rodata)
 .rodata        0x00000000000017a0       0x7d /usr/share/pok/libpok/libpok.a(libc.lo)

.rodata.str1.1  0x000000000000181d       0x87
 .rodata.str1.1
                0x000000000000181d       0x1c main.o
 .rodata.str1.1
                0x0000000000001839       0x6b /home/borde/Dev/develop/ramses/build_and_test/fr.tpt.aadl.ramses.junit.tests/tests/arinc653/common-components/user_code.o

.eh_frame       0x00000000000018a4      0x824
 .eh_frame      0x00000000000018a4       0x40 main.o
 .eh_frame      0x00000000000018e4       0x1c activity.o
                                         0x34 (size before relaxing)
 .eh_frame      0x0000000000001900       0x20 subprograms.o
                                         0x38 (size before relaxing)
 .eh_frame      0x0000000000001920       0xc0 /home/borde/Dev/develop/ramses/build_and_test/fr.tpt.aadl.ramses.junit.tests/tests/arinc653/common-components/user_code.o
                                         0xd8 (size before relaxing)
 .eh_frame      0x00000000000019e0      0x140 /usr/share/pok/libpok/libpok.a(core.lo)
                                        0x230 (size before relaxing)
 .eh_frame      0x0000000000001b20      0x328 /usr/share/pok/libpok/libpok.a(arinc653.lo)
                                        0x3a0 (size before relaxing)
 .eh_frame      0x0000000000001e48      0x1fc /usr/share/pok/libpok/libpok.a(libc.lo)
                                        0x25c (size before relaxing)
 .eh_frame      0x0000000000002044       0x24 /usr/share/pok/libpok/libpok.a(arch.lo)
                                         0x3c (size before relaxing)
 .eh_frame      0x0000000000002068       0x60 /usr/share/pok/libpok/libpok.a(middleware.lo)
                                         0xa8 (size before relaxing)

.rel.dyn        0x00000000000020c8        0x0
 .rel.iplt      0x0000000000000000        0x0 main.o
 .rel.text      0x0000000000000000        0x0 main.o

.data           0x00000000000020e0      0x110
 *(.data)
 .data          0x00000000000020e0        0x0 main.o
 .data          0x00000000000020e0        0x0 activity.o
 .data          0x00000000000020e0        0x0 subprograms.o
 .data          0x00000000000020e0        0x0 gtypes.o
 .data          0x00000000000020e0        0x0 deployment.o
 .data          0x00000000000020e0        0x0 /home/borde/Dev/develop/ramses/build_and_test/fr.tpt.aadl.ramses.junit.tests/tests/arinc653/common-components/user_code.o
 .data          0x00000000000020e0        0x0 /usr/share/pok/libpok/libpok.a(core.lo)
 .data          0x00000000000020e0        0x0 /usr/share/pok/libpok/libpok.a(arinc653.lo)
 .data          0x00000000000020e0        0x0 /usr/share/pok/libpok/libpok.a(libc.lo)
 .data          0x00000000000020e0        0x0 /usr/share/pok/libpok/libpok.a(arch.lo)
 .data          0x00000000000020e0        0x0 /usr/share/pok/libpok/libpok.a(middleware.lo)
 *(.bss)
 .bss           0x00000000000020e0        0x0 main.o
 .bss           0x00000000000020e0        0x0 activity.o
 .bss           0x00000000000020e0        0x4 subprograms.o
                0x00000000000020e0                the_proc2_the_receiver_entrypoint_impl_current_state
 .bss           0x00000000000020e4        0x0 gtypes.o
 .bss           0x00000000000020e4        0x0 deployment.o
 .bss           0x00000000000020e4        0x4 /home/borde/Dev/develop/ramses/build_and_test/fr.tpt.aadl.ramses.junit.tests/tests/arinc653/common-components/user_code.o
                0x00000000000020e4                counter
                0x00000000000020e6                value
 .bss           0x00000000000020e8        0x0 /usr/share/pok/libpok/libpok.a(core.lo)
 .bss           0x00000000000020e8        0x0 /usr/share/pok/libpok/libpok.a(arinc653.lo)
 *fill*         0x00000000000020e8       0x18 00
 .bss           0x0000000000002100       0x84 /usr/share/pok/libpok/libpok.a(libc.lo)
 .bss           0x0000000000002184        0x0 /usr/share/pok/libpok/libpok.a(arch.lo)
 .bss           0x0000000000002184        0x0 /usr/share/pok/libpok/libpok.a(middleware.lo)
 *(COMMON)
 COMMON         0x0000000000002184        0xc main.o
                0x0000000000002184                arinc_threads
                0x000000000000218c                the_proc2_p_inglobalVariable
 COMMON         0x0000000000002190        0x4 /usr/share/pok/libpok/libpok.a(core.lo)
                0x0000000000002190                errno
 *fill*         0x0000000000002194        0xc 00
 COMMON         0x00000000000021a0       0x50 /usr/share/pok/libpok/libpok.a(arinc653.lo)
                0x00000000000021a0                arinc_process_attribute
                0x00000000000021f0                __partition_end = .
LOAD main.o
LOAD activity.o
LOAD subprograms.o
LOAD gtypes.o
LOAD deployment.o
LOAD /home/borde/Dev/develop/ramses/build_and_test/fr.tpt.aadl.ramses.junit.tests/tests/arinc653/common-components/user_code.o
LOAD /usr/share/pok/libpok/libpok.a
OUTPUT(the_proc2.elf elf32-i386)

.igot.plt       0x00000000000021f0        0x0
 .igot.plt      0x0000000000000000        0x0 main.o

.debug_info     0x0000000000000000     0x6c8e
 .debug_info    0x0000000000000000      0x292 main.o
 .debug_info    0x0000000000000292       0x9e activity.o
 .debug_info    0x0000000000000330      0x1c2 subprograms.o
 .debug_info    0x00000000000004f2       0x6c gtypes.o
 .debug_info    0x000000000000055e       0x89 deployment.o
 .debug_info    0x00000000000005e7      0x139 /home/borde/Dev/develop/ramses/build_and_test/fr.tpt.aadl.ramses.junit.tests/tests/arinc653/common-components/user_code.o
 .debug_info    0x0000000000000720     0x2524 /usr/share/pok/libpok/libpok.a(core.lo)
 .debug_info    0x0000000000002c44     0x1ab5 /usr/share/pok/libpok/libpok.a(arinc653.lo)
 .debug_info    0x00000000000046f9      0xeb0 /usr/share/pok/libpok/libpok.a(libc.lo)
 .debug_info    0x00000000000055a9      0x432 /usr/share/pok/libpok/libpok.a(arch.lo)
 .debug_info    0x00000000000059db     0x12b3 /usr/share/pok/libpok/libpok.a(middleware.lo)

.debug_abbrev   0x0000000000000000     0x1e89
 .debug_abbrev  0x0000000000000000       0xde main.o
 .debug_abbrev  0x00000000000000de       0x64 activity.o
 .debug_abbrev  0x0000000000000142       0xc9 subprograms.o
 .debug_abbrev  0x000000000000020b       0x2a gtypes.o
 .debug_abbrev  0x0000000000000235       0x48 deployment.o
 .debug_abbrev  0x000000000000027d       0x88 /home/borde/Dev/develop/ramses/build_and_test/fr.tpt.aadl.ramses.junit.tests/tests/arinc653/common-components/user_code.o
 .debug_abbrev  0x0000000000000305      0x9ef /usr/share/pok/libpok/libpok.a(core.lo)
 .debug_abbrev  0x0000000000000cf4      0x4ea /usr/share/pok/libpok/libpok.a(arinc653.lo)
 .debug_abbrev  0x00000000000011de      0x5e7 /usr/share/pok/libpok/libpok.a(libc.lo)
 .debug_abbrev  0x00000000000017c5      0x136 /usr/share/pok/libpok/libpok.a(arch.lo)
 .debug_abbrev  0x00000000000018fb      0x58e /usr/share/pok/libpok/libpok.a(middleware.lo)

.debug_loc      0x0000000000000000     0x13e4
 .debug_loc     0x0000000000000000       0x38 main.o
 .debug_loc     0x0000000000000038       0x2c activity.o
 .debug_loc     0x0000000000000064       0x3f subprograms.o
 .debug_loc     0x00000000000000a3      0x150 /home/borde/Dev/develop/ramses/build_and_test/fr.tpt.aadl.ramses.junit.tests/tests/arinc653/common-components/user_code.o
 .debug_loc     0x00000000000001f3      0x230 /usr/share/pok/libpok/libpok.a(core.lo)
 .debug_loc     0x0000000000000423      0x6c6 /usr/share/pok/libpok/libpok.a(arinc653.lo)
 .debug_loc     0x0000000000000ae9      0x81b /usr/share/pok/libpok/libpok.a(libc.lo)
 .debug_loc     0x0000000000001304       0x38 /usr/share/pok/libpok/libpok.a(arch.lo)
 .debug_loc     0x000000000000133c       0xa8 /usr/share/pok/libpok/libpok.a(middleware.lo)

.debug_aranges  0x0000000000000000      0x360
 .debug_aranges
                0x0000000000000000       0x20 main.o
 .debug_aranges
                0x0000000000000020       0x20 activity.o
 .debug_aranges
                0x0000000000000040       0x20 subprograms.o
 .debug_aranges
                0x0000000000000060       0x20 /home/borde/Dev/develop/ramses/build_and_test/fr.tpt.aadl.ramses.junit.tests/tests/arinc653/common-components/user_code.o
 .debug_aranges
                0x0000000000000080      0x140 /usr/share/pok/libpok/libpok.a(core.lo)
 .debug_aranges
                0x00000000000001c0       0xa0 /usr/share/pok/libpok/libpok.a(arinc653.lo)
 .debug_aranges
                0x0000000000000260       0x80 /usr/share/pok/libpok/libpok.a(libc.lo)
 .debug_aranges
                0x00000000000002e0       0x20 /usr/share/pok/libpok/libpok.a(arch.lo)
 .debug_aranges
                0x0000000000000300       0x60 /usr/share/pok/libpok/libpok.a(middleware.lo)

.debug_line     0x0000000000000000     0x1db1
 .debug_line    0x0000000000000000       0xa3 main.o
 .debug_line    0x00000000000000a3       0x70 activity.o
 .debug_line    0x0000000000000113      0x136 subprograms.o
 .debug_line    0x0000000000000249       0x1d gtypes.o
 .debug_line    0x0000000000000266       0x5f deployment.o
 .debug_line    0x00000000000002c5       0xfe /home/borde/Dev/develop/ramses/build_and_test/fr.tpt.aadl.ramses.junit.tests/tests/arinc653/common-components/user_code.o
 .debug_line    0x00000000000003c3      0x9e2 /usr/share/pok/libpok/libpok.a(core.lo)
 .debug_line    0x0000000000000da5      0x623 /usr/share/pok/libpok/libpok.a(arinc653.lo)
 .debug_line    0x00000000000013c8      0x3f8 /usr/share/pok/libpok/libpok.a(libc.lo)
 .debug_line    0x00000000000017c0      0x111 /usr/share/pok/libpok/libpok.a(arch.lo)
 .debug_line    0x00000000000018d1      0x4e0 /usr/share/pok/libpok/libpok.a(middleware.lo)

.debug_str      0x0000000000000000     0x1fe6
 .debug_str     0x0000000000000000      0x2ce main.o
                                        0x334 (size before relaxing)
 .debug_str     0x00000000000002ce       0x65 activity.o
                                        0x1ae (size before relaxing)
 .debug_str     0x0000000000000333      0x6d6 subprograms.o
                                        0x8f9 (size before relaxing)
 .debug_str     0x0000000000000a09        0x9 gtypes.o
                                        0x128 (size before relaxing)
 .debug_str     0x0000000000000a12        0xd deployment.o
                                        0x156 (size before relaxing)
 .debug_str     0x0000000000000a1f       0xc4 /home/borde/Dev/develop/ramses/build_and_test/fr.tpt.aadl.ramses.junit.tests/tests/arinc653/common-components/user_code.o
                                        0x15a (size before relaxing)
 .debug_str     0x0000000000000ae3      0x980 /usr/share/pok/libpok/libpok.a(core.lo)
                                       0x4f8b (size before relaxing)
 .debug_str     0x0000000000001463      0x683 /usr/share/pok/libpok/libpok.a(arinc653.lo)
                                       0x2910 (size before relaxing)
 .debug_str     0x0000000000001ae6      0x255 /usr/share/pok/libpok/libpok.a(libc.lo)
                                        0xeab (size before relaxing)
 .debug_str     0x0000000000001d3b       0x75 /usr/share/pok/libpok/libpok.a(arch.lo)
                                        0x89c (size before relaxing)
 .debug_str     0x0000000000001db0      0x236 /usr/share/pok/libpok/libpok.a(middleware.lo)
                                       0x2620 (size before relaxing)

.comment        0x0000000000000000       0x2a
 .comment       0x0000000000000000       0x2a main.o
                                         0x2b (size before relaxing)
 .comment       0x0000000000000000       0x2b activity.o
 .comment       0x0000000000000000       0x2b subprograms.o
 .comment       0x0000000000000000       0x2b gtypes.o
 .comment       0x0000000000000000       0x2b deployment.o
 .comment       0x0000000000000000       0x2b /home/borde/Dev/develop/ramses/build_and_test/fr.tpt.aadl.ramses.junit.tests/tests/arinc653/common-components/user_code.o
 .comment       0x0000000000000000      0x5e1 /usr/share/pok/libpok/libpok.a(core.lo)
 .comment       0x0000000000000000      0x1d9 /usr/share/pok/libpok/libpok.a(arinc653.lo)
 .comment       0x0000000000000000      0x25a /usr/share/pok/libpok/libpok.a(libc.lo)
 .comment       0x0000000000000000       0xac /usr/share/pok/libpok/libpok.a(arch.lo)
 .comment       0x0000000000000000      0x408 /usr/share/pok/libpok/libpok.a(middleware.lo)

.note.GNU-stack
                0x0000000000000000        0x0
 .note.GNU-stack
                0x0000000000000000        0x0 main.o
 .note.GNU-stack
                0x0000000000000000        0x0 activity.o
 .note.GNU-stack
                0x0000000000000000        0x0 subprograms.o
 .note.GNU-stack
                0x0000000000000000        0x0 gtypes.o
 .note.GNU-stack
                0x0000000000000000        0x0 deployment.o
 .note.GNU-stack
                0x0000000000000000        0x0 /home/borde/Dev/develop/ramses/build_and_test/fr.tpt.aadl.ramses.junit.tests/tests/arinc653/common-components/user_code.o
 .note.GNU-stack
                0x0000000000000000        0x0 /usr/share/pok/libpok/libpok.a(core.lo)
 .note.GNU-stack
                0x0000000000000000        0x0 /usr/share/pok/libpok/libpok.a(arinc653.lo)
 .note.GNU-stack
                0x0000000000000000        0x0 /usr/share/pok/libpok/libpok.a(libc.lo)
 .note.GNU-stack
                0x0000000000000000        0x0 /usr/share/pok/libpok/libpok.a(arch.lo)
 .note.GNU-stack
                0x0000000000000000        0x0 /usr/share/pok/libpok/libpok.a(middleware.lo)

.debug_ranges   0x0000000000000000       0x30
 .debug_ranges  0x0000000000000000       0x30 /usr/share/pok/libpok/libpok.a(libc.lo)
